
  .   ____          _            __ _ _
 /\\ / ___'_ __ _ _(_)_ __  __ _ \ \ \ \
( ( )\___ | '_ | '_| | '_ \/ _` | \ \ \ \
 \\/  ___)| |_)| | | | | || (_| |  ) ) ) )
  '  |____| .__|_| |_|_| |_\__, | / / / /
 =========|_|==============|___/=/_/_/_/

 :: Spring Boot ::               (v3.5.14)

2026-07-08T23:50:12.286+08:00  INFO 313940 --- [mall-coupon-service] [           main] c.h.m.MallCouponServiceApplication       : Starting MallCouponServiceApplication using Java 17.0.17 with PID 313940 (E:\zhiwu-mall\mall-coupon-service\target\classes started by MyPC in E:\zhiwu-mall\mall-coupon-service)
2026-07-08T23:50:12.289+08:00  INFO 313940 --- [mall-coupon-service] [           main] c.h.m.MallCouponServiceApplication       : No active profile set, falling back to 1 default profile: "default"
2026-07-08T23:50:13.051+08:00  INFO 313940 --- [mall-coupon-service] [           main] .s.d.r.c.RepositoryConfigurationDelegate : Multiple Spring Data modules found, entering strict repository configuration mode
2026-07-08T23:50:13.053+08:00  INFO 313940 --- [mall-coupon-service] [           main] .s.d.r.c.RepositoryConfigurationDelegate : Bootstrapping Spring Data Redis repositories in DEFAULT mode.
2026-07-08T23:50:13.077+08:00  INFO 313940 --- [mall-coupon-service] [           main] .s.d.r.c.RepositoryConfigurationDelegate : Finished Spring Data repository scanning in 6 ms. Found 0 Redis repository interfaces.
2026-07-08T23:50:13.262+08:00  INFO 313940 --- [mall-coupon-service] [           main] o.s.cloud.context.scope.GenericScope     : BeanFactory id=c82cf191-a50b-39c8-b1d0-fb4749ceb522
2026-07-08T23:50:13.806+08:00  INFO 313940 --- [mall-coupon-service] [           main] o.s.b.w.embedded.tomcat.TomcatWebServer  : Tomcat initialized with port 8083 (http)
2026-07-08T23:50:13.820+08:00  INFO 313940 --- [mall-coupon-service] [           main] o.apache.catalina.core.StandardService   : Starting service [Tomcat]
2026-07-08T23:50:13.820+08:00  INFO 313940 --- [mall-coupon-service] [           main] o.apache.catalina.core.StandardEngine    : Starting Servlet engine: [Apache Tomcat/10.1.54]
2026-07-08T23:50:13.872+08:00  INFO 313940 --- [mall-coupon-service] [           main] o.a.c.c.C.[Tomcat].[localhost].[/]       : Initializing Spring embedded WebApplicationContext
2026-07-08T23:50:13.874+08:00  INFO 313940 --- [mall-coupon-service] [           main] w.s.c.ServletWebServerApplicationContext : Root WebApplicationContext: initialization completed in 1529 ms
2026-07-08T23:50:14.500+08:00  INFO 313940 --- [mall-coupon-service] [           main] c.h.m.task.CouponCacheWarmUpTask         : 开始优惠券缓存预热...
2026-07-08T23:50:14.520+08:00  INFO 313940 --- [mall-coupon-service] [           main] com.zaxxer.hikari.HikariDataSource       : HikariPool-1 - Starting...
2026-07-08T23:50:14.680+08:00  INFO 313940 --- [mall-coupon-service] [           main] com.zaxxer.hikari.pool.HikariPool        : HikariPool-1 - Added connection com.mysql.cj.jdbc.ConnectionImpl@25e353dc
2026-07-08T23:50:14.681+08:00  INFO 313940 --- [mall-coupon-service] [           main] com.zaxxer.hikari.HikariDataSource       : HikariPool-1 - Start completed.
2026-07-08T23:50:15.288+08:00  INFO 313940 --- [mall-coupon-service] [           main] c.h.m.task.CouponCacheWarmUpTask         : 优惠券缓存预热完成，共加载 3 条有效优惠券
2026-07-08T23:50:15.350+08:00  INFO 313940 --- [mall-coupon-service] [           main] c.a.c.sentinel.SentinelWebMvcConfigurer  : [Sentinel Starter] register SentinelWebInterceptor with urlPatterns: [/**].
2026-07-08T23:50:16.110+08:00  WARN 313940 --- [mall-coupon-service] [           main] iguration$LoadBalancerCaffeineWarnLogger : Spring Cloud LoadBalancer is currently working with the default cache. While this cache implementation is useful for development and tests, it's recommended to use Caffeine cache in production.You can switch to using Caffeine cache, by adding it and org.springframework.cache.caffeine.CaffeineCacheManager to the classpath.
2026-07-08T23:50:16.167+08:00  INFO 313940 --- [mall-coupon-service] [           main] o.s.b.w.embedded.tomcat.TomcatWebServer  : Tomcat started on port 8083 (http) with context path '/'
2026-07-08T23:50:16.176+08:00  INFO 313940 --- [mall-coupon-service] [           main] com.alibaba.nacos.client.naming          : initializer namespace from ans.namespace attribute : null
2026-07-08T23:50:16.177+08:00  INFO 313940 --- [mall-coupon-service] [           main] com.alibaba.nacos.client.naming          : initializer namespace from ALIBABA_ALIWARE_NAMESPACE attribute :null
2026-07-08T23:50:16.178+08:00  INFO 313940 --- [mall-coupon-service] [           main] com.alibaba.nacos.client.naming          : initializer namespace from namespace attribute :null
2026-07-08T23:50:16.179+08:00  INFO 313940 --- [mall-coupon-service] [       Thread-4] c.a.n.c.a.r.identify.CredentialWatcher   : null No credential found
2026-07-08T23:50:16.189+08:00  INFO 313940 --- [mall-coupon-service] [           main] com.alibaba.nacos.client.naming          : FailoverDataSource type is class com.alibaba.nacos.client.naming.backups.datasource.DiskFailoverDataSource
2026-07-08T23:50:16.202+08:00  INFO 313940 --- [mall-coupon-service] [           main] c.alibaba.nacos.client.utils.ParamUtil   : [settings] [req-serv] nacos-server port:8848
2026-07-08T23:50:16.202+08:00  INFO 313940 --- [mall-coupon-service] [           main] c.alibaba.nacos.client.utils.ParamUtil   : [settings] [http-client] connect timeout:1000
2026-07-08T23:50:16.204+08:00  INFO 313940 --- [mall-coupon-service] [           main] c.alibaba.nacos.client.utils.ParamUtil   : PER_TASK_CONFIG_SIZE: 3000.0
2026-07-08T23:50:16.206+08:00  INFO 313940 --- [mall-coupon-service] [           main] c.a.n.p.a.s.c.ClientAuthPluginManager    : [ClientAuthPluginManager] Load ClientAuthService com.alibaba.nacos.client.auth.impl.NacosClientAuthServiceImpl success.
2026-07-08T23:50:16.207+08:00  INFO 313940 --- [mall-coupon-service] [           main] c.a.n.p.a.s.c.ClientAuthPluginManager    : [ClientAuthPluginManager] Load ClientAuthService com.alibaba.nacos.client.auth.ram.RamClientAuthServiceImpl success.
2026-07-08T23:50:16.215+08:00  INFO 313940 --- [mall-coupon-service] [           main] com.alibaba.nacos.common.remote.client   : [RpcClientFactory] create a new rpc client of 8cc64cef-b230-450f-8d80-59b32ae89d4c
2026-07-08T23:50:16.229+08:00  INFO 313940 --- [mall-coupon-service] [           main] com.alibaba.nacos.client.naming          : Create naming rpc client for uuid->8cc64cef-b230-450f-8d80-59b32ae89d4c
2026-07-08T23:50:16.230+08:00  INFO 313940 --- [mall-coupon-service] [           main] com.alibaba.nacos.common.remote.client   : [8cc64cef-b230-450f-8d80-59b32ae89d4c] RpcClient init, ServerListFactory = com.alibaba.nacos.client.naming.core.ServerListManager
2026-07-08T23:50:16.230+08:00  INFO 313940 --- [mall-coupon-service] [           main] com.alibaba.nacos.common.remote.client   : [8cc64cef-b230-450f-8d80-59b32ae89d4c] Registry connection listener to current client:com.alibaba.nacos.client.naming.remote.gprc.redo.NamingGrpcRedoService
2026-07-08T23:50:16.231+08:00  INFO 313940 --- [mall-coupon-service] [           main] com.alibaba.nacos.common.remote.client   : [8cc64cef-b230-450f-8d80-59b32ae89d4c] Register server push request handler:com.alibaba.nacos.client.naming.remote.gprc.NamingPushRequestHandler
2026-07-08T23:50:16.233+08:00  INFO 313940 --- [mall-coupon-service] [           main] com.alibaba.nacos.common.remote.client   : [8cc64cef-b230-450f-8d80-59b32ae89d4c] Try to connect to server on start up, server: {serverIp = '127.0.0.1', server main port = 8848}
2026-07-08T23:50:16.236+08:00  INFO 313940 --- [mall-coupon-service] [           main] c.a.n.c.remote.client.grpc.GrpcClient    : grpc client connection server:127.0.0.1 ip,serverPort:9848,grpcTslConfig:{"sslProvider":"","enableTls":false,"mutualAuthEnable":false,"trustAll":false}
2026-07-08T23:50:16.979+08:00  INFO 313940 --- [mall-coupon-service] [           main] c.a.n.c.a.AbstractAbilityControlManager  : Ready to get current node abilities...
2026-07-08T23:50:16.981+08:00  INFO 313940 --- [mall-coupon-service] [           main] c.a.n.c.a.AbstractAbilityControlManager  : Ready to initialize current node abilities, support modes: [SDK_CLIENT]
2026-07-08T23:50:16.982+08:00  INFO 313940 --- [mall-coupon-service] [           main] c.a.n.c.a.AbstractAbilityControlManager  : Initialize current abilities finish...
2026-07-08T23:50:16.982+08:00  INFO 313940 --- [mall-coupon-service] [           main] c.a.n.c.a.d.NacosAbilityManagerHolder    : [AbilityControlManager] Successfully initialize AbilityControlManager
2026-07-08T23:50:17.014+08:00  INFO 313940 --- [mall-coupon-service] [           main] com.alibaba.nacos.common.remote.client   : [8cc64cef-b230-450f-8d80-59b32ae89d4c] Success to connect to server [127.0.0.1:8848] on start up, connectionId = 1783525816893_172.20.0.1_53584
2026-07-08T23:50:17.014+08:00  INFO 313940 --- [mall-coupon-service] [remote.worker.0] com.alibaba.nacos.common.remote.client   : [8cc64cef-b230-450f-8d80-59b32ae89d4c] Notify connected event to listeners.
2026-07-08T23:50:17.014+08:00  INFO 313940 --- [mall-coupon-service] [           main] com.alibaba.nacos.common.remote.client   : [8cc64cef-b230-450f-8d80-59b32ae89d4c] Register server push request handler:com.alibaba.nacos.common.remote.client.RpcClient$ConnectResetRequestHandler
2026-07-08T23:50:17.014+08:00  INFO 313940 --- [mall-coupon-service] [remote.worker.0] com.alibaba.nacos.client.naming          : Grpc connection connect
2026-07-08T23:50:17.016+08:00  INFO 313940 --- [mall-coupon-service] [           main] com.alibaba.nacos.common.remote.client   : [8cc64cef-b230-450f-8d80-59b32ae89d4c] Register server push request handler:com.alibaba.nacos.common.remote.client.RpcClient$$Lambda$1671/0x000002a9199b0688
2026-07-08T23:50:17.017+08:00  INFO 313940 --- [mall-coupon-service] [           main] com.alibaba.nacos.client.naming          : [REGISTER-SERVICE] public registering service mall-coupon-service with instance Instance{instanceId='null', ip='192.168.153.1', port=8083, weight=1.0, healthy=true, enabled=true, ephemeral=true, clusterName='', serviceName='null', metadata={IPv6=[240e:360:5d1f:1100:8a0a:f4ec:e114:3ec0], preserved.register.source=SPRING_CLOUD}}
2026-07-08T23:50:17.039+08:00  INFO 313940 --- [mall-coupon-service] [           main] c.a.c.n.registry.NacosServiceRegistry    : nacos registry, DEFAULT_GROUP mall-coupon-service 192.168.153.1:8083 register finished
2026-07-08T23:50:17.227+08:00  INFO 313940 --- [mall-coupon-service] [           main] o.s.a.r.c.CachingConnectionFactory       : Attempting to connect to: [localhost:5672]
2026-07-08T23:50:17.285+08:00  INFO 313940 --- [mall-coupon-service] [           main] o.s.a.r.c.CachingConnectionFactory       : Created new connection: rabbitConnectionFactory#1b19712f:0/SimpleConnection@6971f5f4 [delegate=amqp://admin@127.0.0.1:5672//mall, localPort=11560]
2026-07-08T23:50:17.354+08:00  INFO 313940 --- [mall-coupon-service] [           main] c.h.m.MallCouponServiceApplication       : Started MallCouponServiceApplication in 5.838 seconds (process running for 6.595)
2026-07-08T23:50:17.358+08:00  INFO 313940 --- [mall-coupon-service] [   scheduling-1] c.h.m.task.CouponCacheWarmUpTask         : 开始优惠券缓存预热...
2026-07-08T23:50:17.367+08:00  INFO 313940 --- [mall-coupon-service] [   scheduling-1] c.h.m.task.CouponCacheWarmUpTask         : 优惠券缓存预热完成，共加载 3 条有效优惠券
2026-07-08T23:52:17.112+08:00  INFO 313940 --- [mall-coupon-service] [nio-8083-exec-1] o.a.c.c.C.[Tomcat].[localhost].[/]       : Initializing Spring DispatcherServlet 'dispatcherServlet'
2026-07-08T23:52:17.115+08:00  INFO 313940 --- [mall-coupon-service] [nio-8083-exec-1] o.s.web.servlet.DispatcherServlet        : Initializing Servlet 'dispatcherServlet'
2026-07-08T23:52:17.126+08:00  INFO 313940 --- [mall-coupon-service] [nio-8083-exec-1] o.s.web.servlet.DispatcherServlet        : Completed initialization in 10 ms
INFO: Sentinel log output type is: file
INFO: Sentinel log charset is: utf-8
INFO: Sentinel log base directory is: C:\Users\MyPC\logs\csp\
INFO: Sentinel log name use pid is: false
INFO: Sentinel log level is: INFO
2026-07-08T23:52:17.403+08:00  WARN 313940 --- [mall-coupon-service] [nio-8083-exec-2] .w.s.m.s.DefaultHandlerExceptionResolver : Resolved [org.springframework.web.bind.MissingRequestHeaderException: Required request header 'UserId' for method parameter type Long is not present]
2026-07-08T23:52:35.197+08:00  INFO 313940 --- [mall-coupon-service] [nio-8083-exec-4] c.h.m.rabbitmq.RabbitMqProducer          : 消息已发送至 Exchange [COUPON_SECKILL_TOPIC], 内容: SeckillMessage{couponId=1, userId=1}
