[INFO] Scanning for projects...
[WARNING] 
[WARNING] Some problems were encountered while building the effective model for com.hyf:mall-product-service:jar:0.0.1-SNAPSHOT
[WARNING] 'dependencies.dependency.scope' for org.projectlombok:lombok:jar must be one of [provided, compile, runtime, test, system] but is 'annotationProcessor'. @ line 66, column 20
[WARNING] 
[WARNING] It is highly recommended to fix these problems because they threaten the stability of your build.
[WARNING] 
[WARNING] For this reason, future Maven versions might no longer support building such malformed projects.
[WARNING] 
[INFO] 
[INFO] --------------------< com.hyf:mall-product-service >--------------------
[INFO] Building mall-product-service 0.0.1-SNAPSHOT
[INFO]   from pom.xml
[INFO] --------------------------------[ jar ]---------------------------------
[INFO] 
[INFO] >>> spring-boot:3.5.14:run (default-cli) > test-compile @ mall-product-service >>>
[INFO] 
[INFO] --- resources:3.3.1:resources (default-resources) @ mall-product-service ---
[INFO] Copying 1 resource from src\main\resources to target\classes
[INFO] Copying 1 resource from src\main\resources to target\classes
[INFO] 
[INFO] --- compiler:3.14.1:compile (default-compile) @ mall-product-service ---
[INFO] Nothing to compile - all classes are up to date.
[INFO] 
[INFO] --- resources:3.3.1:testResources (default-testResources) @ mall-product-service ---
[INFO] skip non existing resourceDirectory E:\zhiwu-mall\mall-product-service\src\test\resources
[INFO] 
[INFO] --- compiler:3.14.1:testCompile (default-testCompile) @ mall-product-service ---
[INFO] No sources to compile
[INFO] 
[INFO] <<< spring-boot:3.5.14:run (default-cli) < test-compile @ mall-product-service <<<
[INFO] 
[INFO] 
[INFO] --- spring-boot:3.5.14:run (default-cli) @ mall-product-service ---
[INFO] Attaching agents: []

  .   ____          _            __ _ _
 /\\ / ___'_ __ _ _(_)_ __  __ _ \ \ \ \
( ( )\___ | '_ | '_| | '_ \/ _` | \ \ \ \
 \\/  ___)| |_)| | | | | || (_| |  ) ) ) )
  '  |____| .__|_| |_|_| |_\__, | / / / /
 =========|_|==============|___/=/_/_/_/

 :: Spring Boot ::               (v3.5.14)

2026-07-08T23:38:50.827+08:00  INFO 290996 --- [mall-product-service] [           main] c.h.m.MallProductServiceApplication      : Starting MallProductServiceApplication using Java 17.0.17 with PID 290996 (E:\zhiwu-mall\mall-product-service\target\classes started by MyPC in E:\zhiwu-mall\mall-product-service)
2026-07-08T23:38:50.830+08:00  INFO 290996 --- [mall-product-service] [           main] c.h.m.MallProductServiceApplication      : No active profile set, falling back to 1 default profile: "default"
2026-07-08T23:38:51.796+08:00  INFO 290996 --- [mall-product-service] [           main] .s.d.r.c.RepositoryConfigurationDelegate : Multiple Spring Data modules found, entering strict repository configuration mode
2026-07-08T23:38:51.799+08:00  INFO 290996 --- [mall-product-service] [           main] .s.d.r.c.RepositoryConfigurationDelegate : Bootstrapping Spring Data Redis repositories in DEFAULT mode.
2026-07-08T23:38:51.841+08:00  INFO 290996 --- [mall-product-service] [           main] .s.d.r.c.RepositoryConfigurationDelegate : Finished Spring Data repository scanning in 15 ms. Found 0 Redis repository interfaces.
2026-07-08T23:38:52.123+08:00  INFO 290996 --- [mall-product-service] [           main] o.s.cloud.context.scope.GenericScope     : BeanFactory id=f2bcfacc-de85-31b5-9f8b-e9b0b2cf84e2
2026-07-08T23:38:52.637+08:00  INFO 290996 --- [mall-product-service] [           main] o.s.b.w.embedded.tomcat.TomcatWebServer  : Tomcat initialized with port 8084 (http)
2026-07-08T23:38:52.658+08:00  INFO 290996 --- [mall-product-service] [           main] o.apache.catalina.core.StandardService   : Starting service [Tomcat]
2026-07-08T23:38:52.659+08:00  INFO 290996 --- [mall-product-service] [           main] o.apache.catalina.core.StandardEngine    : Starting Servlet engine: [Apache Tomcat/10.1.54]
2026-07-08T23:38:52.725+08:00  INFO 290996 --- [mall-product-service] [           main] o.a.c.c.C.[Tomcat].[localhost].[/]       : Initializing Spring embedded WebApplicationContext
2026-07-08T23:38:52.726+08:00  INFO 290996 --- [mall-product-service] [           main] w.s.c.ServletWebServerApplicationContext : Root WebApplicationContext: initialization completed in 1839 ms
2026-07-08T23:38:54.411+08:00  INFO 290996 --- [mall-product-service] [           main] c.r.stream.impl.StreamEnvironment        : Connecting to localhost with guest user, assuming development environment
2026-07-08T23:38:54.413+08:00  INFO 290996 --- [mall-product-service] [           main] c.r.stream.impl.StreamEnvironment        : Using address resolver to always connect to localhost
2026-07-08T23:38:55.042+08:00  WARN 290996 --- [mall-product-service] [           main] iguration$LoadBalancerCaffeineWarnLogger : Spring Cloud LoadBalancer is currently working with the default cache. While this cache implementation is useful for development and tests, it's recommended to use Caffeine cache in production.You can switch to using Caffeine cache, by adding it and org.springframework.cache.caffeine.CaffeineCacheManager to the classpath.
2026-07-08T23:38:55.152+08:00  INFO 290996 --- [mall-product-service] [           main] o.s.b.w.embedded.tomcat.TomcatWebServer  : Tomcat started on port 8084 (http) with context path '/'
2026-07-08T23:38:55.167+08:00  INFO 290996 --- [mall-product-service] [           main] com.alibaba.nacos.client.naming          : initializer namespace from ans.namespace attribute : null
2026-07-08T23:38:55.169+08:00  INFO 290996 --- [mall-product-service] [           main] com.alibaba.nacos.client.naming          : initializer namespace from ALIBABA_ALIWARE_NAMESPACE attribute :null
2026-07-08T23:38:55.170+08:00  INFO 290996 --- [mall-product-service] [           main] com.alibaba.nacos.client.naming          : initializer namespace from namespace attribute :null
2026-07-08T23:38:55.174+08:00  INFO 290996 --- [mall-product-service] [       Thread-3] c.a.n.c.a.r.identify.CredentialWatcher   : null No credential found
2026-07-08T23:38:55.188+08:00  INFO 290996 --- [mall-product-service] [           main] com.alibaba.nacos.client.naming          : FailoverDataSource type is class com.alibaba.nacos.client.naming.backups.datasource.DiskFailoverDataSource
2026-07-08T23:38:55.203+08:00  INFO 290996 --- [mall-product-service] [           main] c.alibaba.nacos.client.utils.ParamUtil   : [settings] [req-serv] nacos-server port:8848
2026-07-08T23:38:55.208+08:00  INFO 290996 --- [mall-product-service] [           main] c.alibaba.nacos.client.utils.ParamUtil   : [settings] [http-client] connect timeout:1000
2026-07-08T23:38:55.210+08:00  INFO 290996 --- [mall-product-service] [           main] c.alibaba.nacos.client.utils.ParamUtil   : PER_TASK_CONFIG_SIZE: 3000.0
2026-07-08T23:38:55.217+08:00  INFO 290996 --- [mall-product-service] [           main] c.a.n.p.a.s.c.ClientAuthPluginManager    : [ClientAuthPluginManager] Load ClientAuthService com.alibaba.nacos.client.auth.impl.NacosClientAuthServiceImpl success.
2026-07-08T23:38:55.217+08:00  INFO 290996 --- [mall-product-service] [           main] c.a.n.p.a.s.c.ClientAuthPluginManager    : [ClientAuthPluginManager] Load ClientAuthService com.alibaba.nacos.client.auth.ram.RamClientAuthServiceImpl success.
2026-07-08T23:38:55.234+08:00  INFO 290996 --- [mall-product-service] [           main] com.alibaba.nacos.common.remote.client   : [RpcClientFactory] create a new rpc client of f6399348-0374-407c-a384-0af20f7fcbf9
2026-07-08T23:38:55.263+08:00  INFO 290996 --- [mall-product-service] [           main] com.alibaba.nacos.client.naming          : Create naming rpc client for uuid->f6399348-0374-407c-a384-0af20f7fcbf9
2026-07-08T23:38:55.264+08:00  INFO 290996 --- [mall-product-service] [           main] com.alibaba.nacos.common.remote.client   : [f6399348-0374-407c-a384-0af20f7fcbf9] RpcClient init, ServerListFactory = com.alibaba.nacos.client.naming.core.ServerListManager
2026-07-08T23:38:55.264+08:00  INFO 290996 --- [mall-product-service] [           main] com.alibaba.nacos.common.remote.client   : [f6399348-0374-407c-a384-0af20f7fcbf9] Registry connection listener to current client:com.alibaba.nacos.client.naming.remote.gprc.redo.NamingGrpcRedoService
2026-07-08T23:38:55.265+08:00  INFO 290996 --- [mall-product-service] [           main] com.alibaba.nacos.common.remote.client   : [f6399348-0374-407c-a384-0af20f7fcbf9] Register server push request handler:com.alibaba.nacos.client.naming.remote.gprc.NamingPushRequestHandler
2026-07-08T23:38:55.269+08:00  INFO 290996 --- [mall-product-service] [           main] com.alibaba.nacos.common.remote.client   : [f6399348-0374-407c-a384-0af20f7fcbf9] Try to connect to server on start up, server: {serverIp = '127.0.0.1', server main port = 8848}
2026-07-08T23:38:55.318+08:00  INFO 290996 --- [mall-product-service] [           main] c.a.n.c.remote.client.grpc.GrpcClient    : grpc client connection server:127.0.0.1 ip,serverPort:9848,grpcTslConfig:{"sslProvider":"","enableTls":false,"mutualAuthEnable":false,"trustAll":false}
2026-07-08T23:38:56.479+08:00  INFO 290996 --- [mall-product-service] [           main] c.a.n.c.a.AbstractAbilityControlManager  : Ready to get current node abilities...
2026-07-08T23:38:56.482+08:00  INFO 290996 --- [mall-product-service] [           main] c.a.n.c.a.AbstractAbilityControlManager  : Ready to initialize current node abilities, support modes: [SDK_CLIENT]
2026-07-08T23:38:56.483+08:00  INFO 290996 --- [mall-product-service] [           main] c.a.n.c.a.AbstractAbilityControlManager  : Initialize current abilities finish...
2026-07-08T23:38:56.484+08:00  INFO 290996 --- [mall-product-service] [           main] c.a.n.c.a.d.NacosAbilityManagerHolder    : [AbilityControlManager] Successfully initialize AbilityControlManager
2026-07-08T23:38:56.512+08:00  INFO 290996 --- [mall-product-service] [           main] com.alibaba.nacos.common.remote.client   : [f6399348-0374-407c-a384-0af20f7fcbf9] Success to connect to server [127.0.0.1:8848] on start up, connectionId = 1783525136379_172.20.0.1_53706
2026-07-08T23:38:56.513+08:00  INFO 290996 --- [mall-product-service] [remote.worker.0] com.alibaba.nacos.common.remote.client   : [f6399348-0374-407c-a384-0af20f7fcbf9] Notify connected event to listeners.
2026-07-08T23:38:56.513+08:00  INFO 290996 --- [mall-product-service] [           main] com.alibaba.nacos.common.remote.client   : [f6399348-0374-407c-a384-0af20f7fcbf9] Register server push request handler:com.alibaba.nacos.common.remote.client.RpcClient$ConnectResetRequestHandler
2026-07-08T23:38:56.513+08:00  INFO 290996 --- [mall-product-service] [remote.worker.0] com.alibaba.nacos.client.naming          : Grpc connection connect
2026-07-08T23:38:56.513+08:00  INFO 290996 --- [mall-product-service] [           main] com.alibaba.nacos.common.remote.client   : [f6399348-0374-407c-a384-0af20f7fcbf9] Register server push request handler:com.alibaba.nacos.common.remote.client.RpcClient$$Lambda$1490/0x000001d40189ea78
2026-07-08T23:38:56.514+08:00  INFO 290996 --- [mall-product-service] [           main] com.alibaba.nacos.client.naming          : [REGISTER-SERVICE] public registering service mall-product-service with instance Instance{instanceId='null', ip='192.168.153.1', port=8084, weight=1.0, healthy=true, enabled=true, ephemeral=true, clusterName='', serviceName='null', metadata={IPv6=[240e:360:5d1f:1100:8a0a:f4ec:e114:3ec0], preserved.register.source=SPRING_CLOUD}}
2026-07-08T23:38:56.533+08:00  INFO 290996 --- [mall-product-service] [           main] c.a.c.n.registry.NacosServiceRegistry    : nacos registry, DEFAULT_GROUP mall-product-service 192.168.153.1:8084 register finished
2026-07-08T23:38:56.689+08:00  INFO 290996 --- [mall-product-service] [           main] o.s.a.r.c.CachingConnectionFactory       : Attempting to connect to: [localhost:5672]
2026-07-08T23:38:56.740+08:00  INFO 290996 --- [mall-product-service] [           main] o.s.a.r.c.CachingConnectionFactory       : Created new connection: rabbitConnectionFactory#29f8134:0/SimpleConnection@612531a3 [delegate=amqp://guest@127.0.0.1:5672/, localPort=6706]
2026-07-08T23:38:56.822+08:00  INFO 290996 --- [mall-product-service] [           main] c.h.m.MallProductServiceApplication      : Started MallProductServiceApplication in 6.677 seconds (process running for 7.262)
2026-07-08T23:39:08.415+08:00  INFO 290996 --- [mall-product-service] [nio-8084-exec-4] o.a.c.c.C.[Tomcat].[localhost].[/]       : Initializing Spring DispatcherServlet 'dispatcherServlet'
2026-07-08T23:39:08.416+08:00  INFO 290996 --- [mall-product-service] [nio-8084-exec-4] o.s.web.servlet.DispatcherServlet        : Initializing Servlet 'dispatcherServlet'
2026-07-08T23:39:08.419+08:00  INFO 290996 --- [mall-product-service] [nio-8084-exec-4] o.s.web.servlet.DispatcherServlet        : Completed initialization in 2 ms
2026-07-08T23:39:08.469+08:00  INFO 290996 --- [mall-product-service] [nio-8084-exec-4] com.zaxxer.hikari.HikariDataSource       : HikariPool-1 - Starting...
2026-07-08T23:39:08.648+08:00  INFO 290996 --- [mall-product-service] [nio-8084-exec-4] com.zaxxer.hikari.pool.HikariPool        : HikariPool-1 - Added connection com.mysql.cj.jdbc.ConnectionImpl@610eaf6d
2026-07-08T23:39:08.649+08:00  INFO 290996 --- [mall-product-service] [nio-8084-exec-4] com.zaxxer.hikari.HikariDataSource       : HikariPool-1 - Start completed.
2026-07-08T23:40:12.998+08:00  INFO 290996 --- [mall-product-service] [t-score-flusher] c.h.m.r.ProductScoreMessageListener      : Flushed 1 aggregated product scores to Redis
[INFO] ------------------------------------------------------------------------
[INFO] BUILD FAILURE
[INFO] ------------------------------------------------------------------------
[INFO] Total time:  07:43 min
[INFO] Finished at: 2026-07-08T23:46:30+08:00
[INFO] ------------------------------------------------------------------------
[ERROR] Failed to execute goal org.springframework.boot:spring-boot-maven-plugin:3.5.14:run (default-cli) on project mall-product-service: Process terminated with exit code: -1 -> [Help 1]
[ERROR] 
[ERROR] To see the full stack trace of the errors, re-run Maven with the -e switch.
[ERROR] Re-run Maven using the -X switch to enable full debug logging.
[ERROR] 
[ERROR] For more information about the errors and possible solutions, please read the following articles:
[ERROR] [Help 1] http://cwiki.apache.org/confluence/display/MAVEN/MojoExecutionException
