[INFO] Scanning for projects...
[INFO] 
[INFO] --------------------< com.hyf:mall-coupon-service >---------------------
[INFO] Building mall-coupon-service 0.0.1-SNAPSHOT
[INFO]   from pom.xml
[INFO] --------------------------------[ jar ]---------------------------------
[INFO] 
[INFO] >>> spring-boot:3.5.14:run (default-cli) > test-compile @ mall-coupon-service >>>
[INFO] 
[INFO] --- resources:3.3.1:resources (default-resources) @ mall-coupon-service ---
[INFO] Copying 1 resource from src\main\resources to target\classes
[INFO] Copying 0 resource from src\main\resources to target\classes
[INFO] 
[INFO] --- compiler:3.14.1:compile (default-compile) @ mall-coupon-service ---
[INFO] Nothing to compile - all classes are up to date.
[INFO] 
[INFO] --- resources:3.3.1:testResources (default-testResources) @ mall-coupon-service ---
[INFO] skip non existing resourceDirectory E:\zhiwu-mall\mall-coupon-service\src\test\resources
[INFO] 
[INFO] --- compiler:3.14.1:testCompile (default-testCompile) @ mall-coupon-service ---
[INFO] No sources to compile
[INFO] 
[INFO] <<< spring-boot:3.5.14:run (default-cli) < test-compile @ mall-coupon-service <<<
[INFO] 
[INFO] 
[INFO] --- spring-boot:3.5.14:run (default-cli) @ mall-coupon-service ---
[INFO] Attaching agents: []

  .   ____          _            __ _ _
 /\\ / ___'_ __ _ _(_)_ __  __ _ \ \ \ \
( ( )\___ | '_ | '_| | '_ \/ _` | \ \ \ \
 \\/  ___)| |_)| | | | | || (_| |  ) ) ) )
  '  |____| .__|_| |_|_| |_\__, | / / / /
 =========|_|==============|___/=/_/_/_/

 :: Spring Boot ::               (v3.5.14)

2026-07-08T23:38:24.134+08:00  INFO 310148 --- [mall-coupon-service] [           main] c.h.m.MallCouponServiceApplication       : Starting MallCouponServiceApplication using Java 17.0.17 with PID 310148 (E:\zhiwu-mall\mall-coupon-service\target\classes started by MyPC in E:\zhiwu-mall\mall-coupon-service)
2026-07-08T23:38:24.136+08:00  INFO 310148 --- [mall-coupon-service] [           main] c.h.m.MallCouponServiceApplication       : No active profile set, falling back to 1 default profile: "default"
2026-07-08T23:38:24.945+08:00  INFO 310148 --- [mall-coupon-service] [           main] .s.d.r.c.RepositoryConfigurationDelegate : Multiple Spring Data modules found, entering strict repository configuration mode
2026-07-08T23:38:24.948+08:00  INFO 310148 --- [mall-coupon-service] [           main] .s.d.r.c.RepositoryConfigurationDelegate : Bootstrapping Spring Data Redis repositories in DEFAULT mode.
2026-07-08T23:38:24.978+08:00  INFO 310148 --- [mall-coupon-service] [           main] .s.d.r.c.RepositoryConfigurationDelegate : Finished Spring Data repository scanning in 8 ms. Found 0 Redis repository interfaces.
2026-07-08T23:38:25.213+08:00  INFO 310148 --- [mall-coupon-service] [           main] o.s.cloud.context.scope.GenericScope     : BeanFactory id=c82cf191-a50b-39c8-b1d0-fb4749ceb522
2026-07-08T23:38:25.924+08:00  INFO 310148 --- [mall-coupon-service] [           main] o.s.b.w.embedded.tomcat.TomcatWebServer  : Tomcat initialized with port 8083 (http)
2026-07-08T23:38:25.939+08:00  INFO 310148 --- [mall-coupon-service] [           main] o.apache.catalina.core.StandardService   : Starting service [Tomcat]
2026-07-08T23:38:25.940+08:00  INFO 310148 --- [mall-coupon-service] [           main] o.apache.catalina.core.StandardEngine    : Starting Servlet engine: [Apache Tomcat/10.1.54]
2026-07-08T23:38:25.999+08:00  INFO 310148 --- [mall-coupon-service] [           main] o.a.c.c.C.[Tomcat].[localhost].[/]       : Initializing Spring embedded WebApplicationContext
2026-07-08T23:38:26.000+08:00  INFO 310148 --- [mall-coupon-service] [           main] w.s.c.ServletWebServerApplicationContext : Root WebApplicationContext: initialization completed in 1819 ms
2026-07-08T23:38:26.822+08:00  INFO 310148 --- [mall-coupon-service] [           main] c.h.m.task.CouponCacheWarmUpTask         : 开始优惠券缓存预热...
2026-07-08T23:38:26.840+08:00  INFO 310148 --- [mall-coupon-service] [           main] com.zaxxer.hikari.HikariDataSource       : HikariPool-1 - Starting...
2026-07-08T23:38:27.053+08:00  INFO 310148 --- [mall-coupon-service] [           main] com.zaxxer.hikari.pool.HikariPool        : HikariPool-1 - Added connection com.mysql.cj.jdbc.ConnectionImpl@25e353dc
2026-07-08T23:38:27.055+08:00  INFO 310148 --- [mall-coupon-service] [           main] com.zaxxer.hikari.HikariDataSource       : HikariPool-1 - Start completed.
2026-07-08T23:38:27.753+08:00  INFO 310148 --- [mall-coupon-service] [           main] c.h.m.task.CouponCacheWarmUpTask         : 优惠券缓存预热完成，共加载 3 条有效优惠券
2026-07-08T23:38:27.824+08:00  INFO 310148 --- [mall-coupon-service] [           main] c.a.c.sentinel.SentinelWebMvcConfigurer  : [Sentinel Starter] register SentinelWebInterceptor with urlPatterns: [/**].
2026-07-08T23:38:28.547+08:00  WARN 310148 --- [mall-coupon-service] [           main] iguration$LoadBalancerCaffeineWarnLogger : Spring Cloud LoadBalancer is currently working with the default cache. While this cache implementation is useful for development and tests, it's recommended to use Caffeine cache in production.You can switch to using Caffeine cache, by adding it and org.springframework.cache.caffeine.CaffeineCacheManager to the classpath.
2026-07-08T23:38:28.615+08:00  INFO 310148 --- [mall-coupon-service] [           main] o.s.b.w.embedded.tomcat.TomcatWebServer  : Tomcat started on port 8083 (http) with context path '/'
2026-07-08T23:38:28.624+08:00  INFO 310148 --- [mall-coupon-service] [           main] com.alibaba.nacos.client.naming          : initializer namespace from ans.namespace attribute : null
2026-07-08T23:38:28.625+08:00  INFO 310148 --- [mall-coupon-service] [           main] com.alibaba.nacos.client.naming          : initializer namespace from ALIBABA_ALIWARE_NAMESPACE attribute :null
2026-07-08T23:38:28.626+08:00  INFO 310148 --- [mall-coupon-service] [           main] com.alibaba.nacos.client.naming          : initializer namespace from namespace attribute :null
2026-07-08T23:38:28.628+08:00  INFO 310148 --- [mall-coupon-service] [       Thread-4] c.a.n.c.a.r.identify.CredentialWatcher   : null No credential found
2026-07-08T23:38:28.637+08:00  INFO 310148 --- [mall-coupon-service] [           main] com.alibaba.nacos.client.naming          : FailoverDataSource type is class com.alibaba.nacos.client.naming.backups.datasource.DiskFailoverDataSource
2026-07-08T23:38:28.649+08:00  INFO 310148 --- [mall-coupon-service] [           main] c.alibaba.nacos.client.utils.ParamUtil   : [settings] [req-serv] nacos-server port:8848
2026-07-08T23:38:28.649+08:00  INFO 310148 --- [mall-coupon-service] [           main] c.alibaba.nacos.client.utils.ParamUtil   : [settings] [http-client] connect timeout:1000
2026-07-08T23:38:28.650+08:00  INFO 310148 --- [mall-coupon-service] [           main] c.alibaba.nacos.client.utils.ParamUtil   : PER_TASK_CONFIG_SIZE: 3000.0
2026-07-08T23:38:28.654+08:00  INFO 310148 --- [mall-coupon-service] [           main] c.a.n.p.a.s.c.ClientAuthPluginManager    : [ClientAuthPluginManager] Load ClientAuthService com.alibaba.nacos.client.auth.impl.NacosClientAuthServiceImpl success.
2026-07-08T23:38:28.654+08:00  INFO 310148 --- [mall-coupon-service] [           main] c.a.n.p.a.s.c.ClientAuthPluginManager    : [ClientAuthPluginManager] Load ClientAuthService com.alibaba.nacos.client.auth.ram.RamClientAuthServiceImpl success.
2026-07-08T23:38:28.663+08:00  INFO 310148 --- [mall-coupon-service] [           main] com.alibaba.nacos.common.remote.client   : [RpcClientFactory] create a new rpc client of 1aa2d86a-5133-4515-9408-bb2c26610715
2026-07-08T23:38:28.680+08:00  INFO 310148 --- [mall-coupon-service] [           main] com.alibaba.nacos.client.naming          : Create naming rpc client for uuid->1aa2d86a-5133-4515-9408-bb2c26610715
2026-07-08T23:38:28.681+08:00  INFO 310148 --- [mall-coupon-service] [           main] com.alibaba.nacos.common.remote.client   : [1aa2d86a-5133-4515-9408-bb2c26610715] RpcClient init, ServerListFactory = com.alibaba.nacos.client.naming.core.ServerListManager
2026-07-08T23:38:28.682+08:00  INFO 310148 --- [mall-coupon-service] [           main] com.alibaba.nacos.common.remote.client   : [1aa2d86a-5133-4515-9408-bb2c26610715] Registry connection listener to current client:com.alibaba.nacos.client.naming.remote.gprc.redo.NamingGrpcRedoService
2026-07-08T23:38:28.683+08:00  INFO 310148 --- [mall-coupon-service] [           main] com.alibaba.nacos.common.remote.client   : [1aa2d86a-5133-4515-9408-bb2c26610715] Register server push request handler:com.alibaba.nacos.client.naming.remote.gprc.NamingPushRequestHandler
2026-07-08T23:38:28.686+08:00  INFO 310148 --- [mall-coupon-service] [           main] com.alibaba.nacos.common.remote.client   : [1aa2d86a-5133-4515-9408-bb2c26610715] Try to connect to server on start up, server: {serverIp = '127.0.0.1', server main port = 8848}
2026-07-08T23:38:28.690+08:00  INFO 310148 --- [mall-coupon-service] [           main] c.a.n.c.remote.client.grpc.GrpcClient    : grpc client connection server:127.0.0.1 ip,serverPort:9848,grpcTslConfig:{"sslProvider":"","enableTls":false,"mutualAuthEnable":false,"trustAll":false}
2026-07-08T23:38:29.558+08:00  INFO 310148 --- [mall-coupon-service] [           main] c.a.n.c.a.AbstractAbilityControlManager  : Ready to get current node abilities...
2026-07-08T23:38:29.560+08:00  INFO 310148 --- [mall-coupon-service] [           main] c.a.n.c.a.AbstractAbilityControlManager  : Ready to initialize current node abilities, support modes: [SDK_CLIENT]
2026-07-08T23:38:29.561+08:00  INFO 310148 --- [mall-coupon-service] [           main] c.a.n.c.a.AbstractAbilityControlManager  : Initialize current abilities finish...
2026-07-08T23:38:29.562+08:00  INFO 310148 --- [mall-coupon-service] [           main] c.a.n.c.a.d.NacosAbilityManagerHolder    : [AbilityControlManager] Successfully initialize AbilityControlManager
2026-07-08T23:38:29.599+08:00  INFO 310148 --- [mall-coupon-service] [           main] com.alibaba.nacos.common.remote.client   : [1aa2d86a-5133-4515-9408-bb2c26610715] Success to connect to server [127.0.0.1:8848] on start up, connectionId = 1783525109439_172.20.0.1_44062
2026-07-08T23:38:29.600+08:00  INFO 310148 --- [mall-coupon-service] [remote.worker.0] com.alibaba.nacos.common.remote.client   : [1aa2d86a-5133-4515-9408-bb2c26610715] Notify connected event to listeners.
2026-07-08T23:38:29.600+08:00  INFO 310148 --- [mall-coupon-service] [           main] com.alibaba.nacos.common.remote.client   : [1aa2d86a-5133-4515-9408-bb2c26610715] Register server push request handler:com.alibaba.nacos.common.remote.client.RpcClient$ConnectResetRequestHandler
2026-07-08T23:38:29.600+08:00  INFO 310148 --- [mall-coupon-service] [remote.worker.0] com.alibaba.nacos.client.naming          : Grpc connection connect
2026-07-08T23:38:29.601+08:00  INFO 310148 --- [mall-coupon-service] [           main] com.alibaba.nacos.common.remote.client   : [1aa2d86a-5133-4515-9408-bb2c26610715] Register server push request handler:com.alibaba.nacos.common.remote.client.RpcClient$$Lambda$1671/0x0000027ea09aeaa8
2026-07-08T23:38:29.602+08:00  INFO 310148 --- [mall-coupon-service] [           main] com.alibaba.nacos.client.naming          : [REGISTER-SERVICE] public registering service mall-coupon-service with instance Instance{instanceId='null', ip='192.168.153.1', port=8083, weight=1.0, healthy=true, enabled=true, ephemeral=true, clusterName='', serviceName='null', metadata={IPv6=[240e:360:5d1f:1100:8a0a:f4ec:e114:3ec0], preserved.register.source=SPRING_CLOUD}}
2026-07-08T23:38:29.625+08:00  INFO 310148 --- [mall-coupon-service] [           main] c.a.c.n.registry.NacosServiceRegistry    : nacos registry, DEFAULT_GROUP mall-coupon-service 192.168.153.1:8083 register finished
2026-07-08T23:38:29.797+08:00  INFO 310148 --- [mall-coupon-service] [           main] o.s.a.r.c.CachingConnectionFactory       : Attempting to connect to: [localhost:5672]
2026-07-08T23:38:29.911+08:00  INFO 310148 --- [mall-coupon-service] [           main] o.s.a.r.c.CachingConnectionFactory       : Created new connection: rabbitConnectionFactory#1b19712f:0/SimpleConnection@5add0cc0 [delegate=amqp://admin@127.0.0.1:5672//mall, localPort=2542]
2026-07-08T23:38:30.038+08:00  INFO 310148 --- [mall-coupon-service] [           main] c.h.m.MallCouponServiceApplication       : Started MallCouponServiceApplication in 7.054 seconds (process running for 7.7)
2026-07-08T23:38:30.045+08:00  INFO 310148 --- [mall-coupon-service] [   scheduling-1] c.h.m.task.CouponCacheWarmUpTask         : 开始优惠券缓存预热...
2026-07-08T23:38:30.055+08:00  INFO 310148 --- [mall-coupon-service] [   scheduling-1] c.h.m.task.CouponCacheWarmUpTask         : 优惠券缓存预热完成，共加载 3 条有效优惠券
2026-07-08T23:39:58.348+08:00  INFO 310148 --- [mall-coupon-service] [nio-8083-exec-1] o.a.c.c.C.[Tomcat].[localhost].[/]       : Initializing Spring DispatcherServlet 'dispatcherServlet'
2026-07-08T23:39:58.349+08:00  INFO 310148 --- [mall-coupon-service] [nio-8083-exec-1] o.s.web.servlet.DispatcherServlet        : Initializing Servlet 'dispatcherServlet'
2026-07-08T23:39:58.352+08:00  INFO 310148 --- [mall-coupon-service] [nio-8083-exec-1] o.s.web.servlet.DispatcherServlet        : Completed initialization in 1 ms
2026-07-08T23:39:58.382+08:00  WARN 310148 --- [mall-coupon-service] [nio-8083-exec-1] .w.s.m.s.DefaultHandlerExceptionResolver : Resolved [org.springframework.web.HttpRequestMethodNotSupportedException: Request method 'GET' is not supported]
INFO: Sentinel log output type is: file
INFO: Sentinel log charset is: utf-8
INFO: Sentinel log base directory is: C:\Users\MyPC\logs\csp\
INFO: Sentinel log name use pid is: false
INFO: Sentinel log level is: INFO
2026-07-08T23:43:30.072+08:00  INFO 310148 --- [mall-coupon-service] [   scheduling-1] c.h.m.task.CouponCacheWarmUpTask         : 开始优惠券缓存预热...
2026-07-08T23:43:30.257+08:00  INFO 310148 --- [mall-coupon-service] [   scheduling-1] c.h.m.task.CouponCacheWarmUpTask         : 优惠券缓存预热完成，共加载 3 条有效优惠券
[INFO] ------------------------------------------------------------------------
[INFO] BUILD FAILURE
[INFO] ------------------------------------------------------------------------
[INFO] Total time:  08:11 min
[INFO] Finished at: 2026-07-08T23:46:30+08:00
[INFO] ------------------------------------------------------------------------
[ERROR] Failed to execute goal org.springframework.boot:spring-boot-maven-plugin:3.5.14:run (default-cli) on project mall-coupon-service: Process terminated with exit code: -1 -> [Help 1]
[ERROR] 
[ERROR] To see the full stack trace of the errors, re-run Maven with the -e switch.
[ERROR] Re-run Maven using the -X switch to enable full debug logging.
[ERROR] 
[ERROR] For more information about the errors and possible solutions, please read the following articles:
[ERROR] [Help 1] http://cwiki.apache.org/confluence/display/MAVEN/MojoExecutionException
