[INFO] Scanning for projects...
[INFO] 
[INFO] ---------------------< com.hyf:mall-user-service >----------------------
[INFO] Building mall-user-service 0.0.1-SNAPSHOT
[INFO]   from pom.xml
[INFO] --------------------------------[ jar ]---------------------------------
[INFO] 
[INFO] >>> spring-boot:3.5.14:run (default-cli) > test-compile @ mall-user-service >>>
[INFO] 
[INFO] --- resources:3.3.1:resources (default-resources) @ mall-user-service ---
[INFO] Copying 1 resource from src\main\resources to target\classes
[INFO] Copying 1 resource from src\main\resources to target\classes
[INFO] 
[INFO] --- compiler:3.14.1:compile (default-compile) @ mall-user-service ---
[INFO] Nothing to compile - all classes are up to date.
[INFO] 
[INFO] --- resources:3.3.1:testResources (default-testResources) @ mall-user-service ---
[INFO] skip non existing resourceDirectory E:\zhiwu-mall\mall-user-service\src\test\resources
[INFO] 
[INFO] --- compiler:3.14.1:testCompile (default-testCompile) @ mall-user-service ---
[INFO] No sources to compile
[INFO] 
[INFO] <<< spring-boot:3.5.14:run (default-cli) < test-compile @ mall-user-service <<<
[INFO] 
[INFO] 
[INFO] --- spring-boot:3.5.14:run (default-cli) @ mall-user-service ---
[INFO] Attaching agents: []

  .   ____          _            __ _ _
 /\\ / ___'_ __ _ _(_)_ __  __ _ \ \ \ \
( ( )\___ | '_ | '_| | '_ \/ _` | \ \ \ \
 \\/  ___)| |_)| | | | | || (_| |  ) ) ) )
  '  |____| .__|_| |_|_| |_\__, | / / / /
 =========|_|==============|___/=/_/_/_/

 :: Spring Boot ::               (v3.5.14)

2026-07-08T23:37:55.709+08:00  INFO 303648 --- [mall-user-service] [           main] c.h.m.MallUserServiceApplication         : Starting MallUserServiceApplication using Java 17.0.17 with PID 303648 (E:\zhiwu-mall\mall-user-service\target\classes started by MyPC in E:\zhiwu-mall\mall-user-service)
2026-07-08T23:37:55.711+08:00  INFO 303648 --- [mall-user-service] [           main] c.h.m.MallUserServiceApplication         : No active profile set, falling back to 1 default profile: "default"
2026-07-08T23:37:56.590+08:00  INFO 303648 --- [mall-user-service] [           main] o.s.cloud.context.scope.GenericScope     : BeanFactory id=a26d3999-2998-3ff1-979b-9916fc4084fc
2026-07-08T23:37:57.100+08:00  INFO 303648 --- [mall-user-service] [           main] o.s.b.w.embedded.tomcat.TomcatWebServer  : Tomcat initialized with port 8081 (http)
2026-07-08T23:37:57.118+08:00  INFO 303648 --- [mall-user-service] [           main] o.apache.catalina.core.StandardService   : Starting service [Tomcat]
2026-07-08T23:37:57.118+08:00  INFO 303648 --- [mall-user-service] [           main] o.apache.catalina.core.StandardEngine    : Starting Servlet engine: [Apache Tomcat/10.1.54]
2026-07-08T23:37:57.204+08:00  INFO 303648 --- [mall-user-service] [           main] o.a.c.c.C.[Tomcat].[localhost].[/]       : Initializing Spring embedded WebApplicationContext
2026-07-08T23:37:57.205+08:00  INFO 303648 --- [mall-user-service] [           main] w.s.c.ServletWebServerApplicationContext : Root WebApplicationContext: initialization completed in 1431 ms
2026-07-08T23:37:58.531+08:00  WARN 303648 --- [mall-user-service] [           main] iguration$LoadBalancerCaffeineWarnLogger : Spring Cloud LoadBalancer is currently working with the default cache. While this cache implementation is useful for development and tests, it's recommended to use Caffeine cache in production.You can switch to using Caffeine cache, by adding it and org.springframework.cache.caffeine.CaffeineCacheManager to the classpath.
2026-07-08T23:37:58.607+08:00  INFO 303648 --- [mall-user-service] [           main] o.s.b.w.embedded.tomcat.TomcatWebServer  : Tomcat started on port 8081 (http) with context path '/'
2026-07-08T23:37:58.617+08:00  INFO 303648 --- [mall-user-service] [           main] com.alibaba.nacos.client.naming          : initializer namespace from ans.namespace attribute : null
2026-07-08T23:37:58.620+08:00  INFO 303648 --- [mall-user-service] [           main] com.alibaba.nacos.client.naming          : initializer namespace from ALIBABA_ALIWARE_NAMESPACE attribute :null
2026-07-08T23:37:58.622+08:00  INFO 303648 --- [mall-user-service] [           main] com.alibaba.nacos.client.naming          : initializer namespace from namespace attribute :null
2026-07-08T23:37:58.622+08:00  INFO 303648 --- [mall-user-service] [       Thread-3] c.a.n.c.a.r.identify.CredentialWatcher   : null No credential found
2026-07-08T23:37:58.637+08:00  INFO 303648 --- [mall-user-service] [           main] com.alibaba.nacos.client.naming          : FailoverDataSource type is class com.alibaba.nacos.client.naming.backups.datasource.DiskFailoverDataSource
2026-07-08T23:37:58.651+08:00  INFO 303648 --- [mall-user-service] [           main] c.alibaba.nacos.client.utils.ParamUtil   : [settings] [req-serv] nacos-server port:8848
2026-07-08T23:37:58.652+08:00  INFO 303648 --- [mall-user-service] [           main] c.alibaba.nacos.client.utils.ParamUtil   : [settings] [http-client] connect timeout:1000
2026-07-08T23:37:58.655+08:00  INFO 303648 --- [mall-user-service] [           main] c.alibaba.nacos.client.utils.ParamUtil   : PER_TASK_CONFIG_SIZE: 3000.0
2026-07-08T23:37:58.665+08:00  INFO 303648 --- [mall-user-service] [           main] c.a.n.p.a.s.c.ClientAuthPluginManager    : [ClientAuthPluginManager] Load ClientAuthService com.alibaba.nacos.client.auth.impl.NacosClientAuthServiceImpl success.
2026-07-08T23:37:58.666+08:00  INFO 303648 --- [mall-user-service] [           main] c.a.n.p.a.s.c.ClientAuthPluginManager    : [ClientAuthPluginManager] Load ClientAuthService com.alibaba.nacos.client.auth.ram.RamClientAuthServiceImpl success.
2026-07-08T23:37:58.677+08:00  INFO 303648 --- [mall-user-service] [           main] com.alibaba.nacos.common.remote.client   : [RpcClientFactory] create a new rpc client of 06628a95-8521-4cdd-98b9-90e5c1052fd7
2026-07-08T23:37:58.697+08:00  INFO 303648 --- [mall-user-service] [           main] com.alibaba.nacos.client.naming          : Create naming rpc client for uuid->06628a95-8521-4cdd-98b9-90e5c1052fd7
2026-07-08T23:37:58.698+08:00  INFO 303648 --- [mall-user-service] [           main] com.alibaba.nacos.common.remote.client   : [06628a95-8521-4cdd-98b9-90e5c1052fd7] RpcClient init, ServerListFactory = com.alibaba.nacos.client.naming.core.ServerListManager
2026-07-08T23:37:58.699+08:00  INFO 303648 --- [mall-user-service] [           main] com.alibaba.nacos.common.remote.client   : [06628a95-8521-4cdd-98b9-90e5c1052fd7] Registry connection listener to current client:com.alibaba.nacos.client.naming.remote.gprc.redo.NamingGrpcRedoService
2026-07-08T23:37:58.699+08:00  INFO 303648 --- [mall-user-service] [           main] com.alibaba.nacos.common.remote.client   : [06628a95-8521-4cdd-98b9-90e5c1052fd7] Register server push request handler:com.alibaba.nacos.client.naming.remote.gprc.NamingPushRequestHandler
2026-07-08T23:37:58.701+08:00  INFO 303648 --- [mall-user-service] [           main] com.alibaba.nacos.common.remote.client   : [06628a95-8521-4cdd-98b9-90e5c1052fd7] Try to connect to server on start up, server: {serverIp = '127.0.0.1', server main port = 8848}
2026-07-08T23:37:58.748+08:00  INFO 303648 --- [mall-user-service] [           main] c.a.n.c.remote.client.grpc.GrpcClient    : grpc client connection server:127.0.0.1 ip,serverPort:9848,grpcTslConfig:{"sslProvider":"","enableTls":false,"mutualAuthEnable":false,"trustAll":false}
2026-07-08T23:37:59.849+08:00  INFO 303648 --- [mall-user-service] [           main] c.a.n.c.a.AbstractAbilityControlManager  : Ready to get current node abilities...
2026-07-08T23:37:59.851+08:00  INFO 303648 --- [mall-user-service] [           main] c.a.n.c.a.AbstractAbilityControlManager  : Ready to initialize current node abilities, support modes: [SDK_CLIENT]
2026-07-08T23:37:59.851+08:00  INFO 303648 --- [mall-user-service] [           main] c.a.n.c.a.AbstractAbilityControlManager  : Initialize current abilities finish...
2026-07-08T23:37:59.853+08:00  INFO 303648 --- [mall-user-service] [           main] c.a.n.c.a.d.NacosAbilityManagerHolder    : [AbilityControlManager] Successfully initialize AbilityControlManager
2026-07-08T23:37:59.897+08:00  INFO 303648 --- [mall-user-service] [           main] com.alibaba.nacos.common.remote.client   : [06628a95-8521-4cdd-98b9-90e5c1052fd7] Success to connect to server [127.0.0.1:8848] on start up, connectionId = 1783525079758_172.20.0.1_52086
2026-07-08T23:37:59.897+08:00  INFO 303648 --- [mall-user-service] [remote.worker.0] com.alibaba.nacos.common.remote.client   : [06628a95-8521-4cdd-98b9-90e5c1052fd7] Notify connected event to listeners.
2026-07-08T23:37:59.897+08:00  INFO 303648 --- [mall-user-service] [           main] com.alibaba.nacos.common.remote.client   : [06628a95-8521-4cdd-98b9-90e5c1052fd7] Register server push request handler:com.alibaba.nacos.common.remote.client.RpcClient$ConnectResetRequestHandler
2026-07-08T23:37:59.897+08:00  INFO 303648 --- [mall-user-service] [remote.worker.0] com.alibaba.nacos.client.naming          : Grpc connection connect
2026-07-08T23:37:59.899+08:00  INFO 303648 --- [mall-user-service] [           main] com.alibaba.nacos.common.remote.client   : [06628a95-8521-4cdd-98b9-90e5c1052fd7] Register server push request handler:com.alibaba.nacos.common.remote.client.RpcClient$$Lambda$1104/0x00000245346b1b18
2026-07-08T23:37:59.899+08:00  INFO 303648 --- [mall-user-service] [           main] com.alibaba.nacos.client.naming          : [REGISTER-SERVICE] public registering service mall-user-service with instance Instance{instanceId='null', ip='192.168.153.1', port=8081, weight=1.0, healthy=true, enabled=true, ephemeral=true, clusterName='', serviceName='null', metadata={IPv6=[240e:360:5d1f:1100:8a0a:f4ec:e114:3ec0], preserved.register.source=SPRING_CLOUD}}
2026-07-08T23:37:59.940+08:00  INFO 303648 --- [mall-user-service] [           main] c.a.c.n.registry.NacosServiceRegistry    : nacos registry, DEFAULT_GROUP mall-user-service 192.168.153.1:8081 register finished
2026-07-08T23:38:00.114+08:00  INFO 303648 --- [mall-user-service] [           main] c.h.m.MallUserServiceApplication         : Started MallUserServiceApplication in 5.281 seconds (process running for 5.849)
2026-07-08T23:39:07.610+08:00  INFO 303648 --- [mall-user-service] [nio-8081-exec-1] o.a.c.c.C.[Tomcat].[localhost].[/]       : Initializing Spring DispatcherServlet 'dispatcherServlet'
2026-07-08T23:39:07.617+08:00  INFO 303648 --- [mall-user-service] [nio-8081-exec-1] o.s.web.servlet.DispatcherServlet        : Initializing Servlet 'dispatcherServlet'
2026-07-08T23:39:07.641+08:00  INFO 303648 --- [mall-user-service] [nio-8081-exec-1] o.s.web.servlet.DispatcherServlet        : Completed initialization in 24 ms
2026-07-08T23:39:07.758+08:00  INFO 303648 --- [mall-user-service] [nio-8081-exec-1] com.zaxxer.hikari.HikariDataSource       : HikariPool-1 - Starting...
2026-07-08T23:39:08.026+08:00  INFO 303648 --- [mall-user-service] [nio-8081-exec-1] com.zaxxer.hikari.pool.HikariPool        : HikariPool-1 - Added connection com.mysql.cj.jdbc.ConnectionImpl@4e9635aa
2026-07-08T23:39:08.028+08:00  INFO 303648 --- [mall-user-service] [nio-8081-exec-1] com.zaxxer.hikari.HikariDataSource       : HikariPool-1 - Start completed.
[INFO] ------------------------------------------------------------------------
[INFO] BUILD FAILURE
[INFO] ------------------------------------------------------------------------
[INFO] Total time:  08:39 min
[INFO] Finished at: 2026-07-08T23:46:30+08:00
[INFO] ------------------------------------------------------------------------
[ERROR] Failed to execute goal org.springframework.boot:spring-boot-maven-plugin:3.5.14:run (default-cli) on project mall-user-service: Process terminated with exit code: -1 -> [Help 1]
[ERROR] 
[ERROR] To see the full stack trace of the errors, re-run Maven with the -e switch.
[ERROR] Re-run Maven using the -X switch to enable full debug logging.
[ERROR] 
[ERROR] For more information about the errors and possible solutions, please read the following articles:
[ERROR] [Help 1] http://cwiki.apache.org/confluence/display/MAVEN/MojoExecutionException
