[INFO] Scanning for projects...
[WARNING] 
[WARNING] Some problems were encountered while building the effective model for com.hyf:mall-order-service:jar:0.0.1-SNAPSHOT
[WARNING] 'dependencies.dependency.scope' for org.projectlombok:lombok:jar must be one of [provided, compile, runtime, test, system] but is 'annotationProcessor'. @ line 62, column 20
[WARNING] 
[WARNING] It is highly recommended to fix these problems because they threaten the stability of your build.
[WARNING] 
[WARNING] For this reason, future Maven versions might no longer support building such malformed projects.
[WARNING] 
[INFO] 
[INFO] ---------------------< com.hyf:mall-order-service >---------------------
[INFO] Building mall-order-service 0.0.1-SNAPSHOT
[INFO]   from pom.xml
[INFO] --------------------------------[ jar ]---------------------------------
[INFO] 
[INFO] >>> spring-boot:3.5.14:run (default-cli) > test-compile @ mall-order-service >>>
[INFO] 
[INFO] --- resources:3.3.1:resources (default-resources) @ mall-order-service ---
[INFO] Copying 1 resource from src\main\resources to target\classes
[INFO] Copying 1 resource from src\main\resources to target\classes
[INFO] 
[INFO] --- compiler:3.14.1:compile (default-compile) @ mall-order-service ---
[INFO] Nothing to compile - all classes are up to date.
[INFO] 
[INFO] --- resources:3.3.1:testResources (default-testResources) @ mall-order-service ---
[INFO] skip non existing resourceDirectory E:\zhiwu-mall\mall-order-service\src\test\resources
[INFO] 
[INFO] --- compiler:3.14.1:testCompile (default-testCompile) @ mall-order-service ---
[INFO] No sources to compile
[INFO] 
[INFO] <<< spring-boot:3.5.14:run (default-cli) < test-compile @ mall-order-service <<<
[INFO] 
[INFO] 
[INFO] --- spring-boot:3.5.14:run (default-cli) @ mall-order-service ---
[INFO] Attaching agents: []

  .   ____          _            __ _ _
 /\\ / ___'_ __ _ _(_)_ __  __ _ \ \ \ \
( ( )\___ | '_ | '_| | '_ \/ _` | \ \ \ \
 \\/  ___)| |_)| | | | | || (_| |  ) ) ) )
  '  |____| .__|_| |_|_| |_\__, | / / / /
 =========|_|==============|___/=/_/_/_/

 :: Spring Boot ::               (v3.5.14)

2026-07-08T23:42:54.573+08:00  INFO 312052 --- [mall-order-service] [           main] c.h.m.MallOrderServiceApplication        : Starting MallOrderServiceApplication using Java 17.0.17 with PID 312052 (E:\zhiwu-mall\mall-order-service\target\classes started by MyPC in E:\zhiwu-mall\mall-order-service)
2026-07-08T23:42:54.576+08:00  INFO 312052 --- [mall-order-service] [           main] c.h.m.MallOrderServiceApplication        : No active profile set, falling back to 1 default profile: "default"
2026-07-08T23:42:55.582+08:00  INFO 312052 --- [mall-order-service] [           main] o.s.cloud.context.scope.GenericScope     : BeanFactory id=75fd35b7-cf19-3bf5-a65e-0ac011e26a91
2026-07-08T23:42:56.111+08:00  INFO 312052 --- [mall-order-service] [           main] o.s.b.w.embedded.tomcat.TomcatWebServer  : Tomcat initialized with port 8082 (http)
2026-07-08T23:42:56.128+08:00  INFO 312052 --- [mall-order-service] [           main] o.apache.catalina.core.StandardService   : Starting service [Tomcat]
2026-07-08T23:42:56.129+08:00  INFO 312052 --- [mall-order-service] [           main] o.apache.catalina.core.StandardEngine    : Starting Servlet engine: [Apache Tomcat/10.1.54]
2026-07-08T23:42:56.191+08:00  INFO 312052 --- [mall-order-service] [           main] o.a.c.c.C.[Tomcat].[localhost].[/]       : Initializing Spring embedded WebApplicationContext
2026-07-08T23:42:56.192+08:00  INFO 312052 --- [mall-order-service] [           main] w.s.c.ServletWebServerApplicationContext : Root WebApplicationContext: initialization completed in 1555 ms
2026-07-08T23:42:56.609+08:00  INFO 312052 --- [mall-order-service] [           main] o.s.c.openfeign.FeignClientFactoryBean   : For 'mall-product-service' URL not provided. Will try picking an instance via load-balancing.
2026-07-08T23:42:57.449+08:00  WARN 312052 --- [mall-order-service] [           main] iguration$LoadBalancerCaffeineWarnLogger : Spring Cloud LoadBalancer is currently working with the default cache. While this cache implementation is useful for development and tests, it's recommended to use Caffeine cache in production.You can switch to using Caffeine cache, by adding it and org.springframework.cache.caffeine.CaffeineCacheManager to the classpath.
2026-07-08T23:42:57.488+08:00  INFO 312052 --- [mall-order-service] [           main] o.s.b.w.embedded.tomcat.TomcatWebServer  : Tomcat started on port 8082 (http) with context path '/'
2026-07-08T23:42:57.495+08:00  INFO 312052 --- [mall-order-service] [           main] com.alibaba.nacos.client.naming          : initializer namespace from ans.namespace attribute : null
2026-07-08T23:42:57.498+08:00  INFO 312052 --- [mall-order-service] [           main] com.alibaba.nacos.client.naming          : initializer namespace from ALIBABA_ALIWARE_NAMESPACE attribute :null
2026-07-08T23:42:57.499+08:00  INFO 312052 --- [mall-order-service] [           main] com.alibaba.nacos.client.naming          : initializer namespace from namespace attribute :null
2026-07-08T23:42:57.499+08:00  INFO 312052 --- [mall-order-service] [       Thread-3] c.a.n.c.a.r.identify.CredentialWatcher   : null No credential found
2026-07-08T23:42:57.510+08:00  INFO 312052 --- [mall-order-service] [           main] com.alibaba.nacos.client.naming          : FailoverDataSource type is class com.alibaba.nacos.client.naming.backups.datasource.DiskFailoverDataSource
2026-07-08T23:42:57.521+08:00  INFO 312052 --- [mall-order-service] [           main] c.alibaba.nacos.client.utils.ParamUtil   : [settings] [req-serv] nacos-server port:8848
2026-07-08T23:42:57.523+08:00  INFO 312052 --- [mall-order-service] [           main] c.alibaba.nacos.client.utils.ParamUtil   : [settings] [http-client] connect timeout:1000
2026-07-08T23:42:57.524+08:00  INFO 312052 --- [mall-order-service] [           main] c.alibaba.nacos.client.utils.ParamUtil   : PER_TASK_CONFIG_SIZE: 3000.0
2026-07-08T23:42:57.527+08:00  INFO 312052 --- [mall-order-service] [           main] c.a.n.p.a.s.c.ClientAuthPluginManager    : [ClientAuthPluginManager] Load ClientAuthService com.alibaba.nacos.client.auth.impl.NacosClientAuthServiceImpl success.
2026-07-08T23:42:57.527+08:00  INFO 312052 --- [mall-order-service] [           main] c.a.n.p.a.s.c.ClientAuthPluginManager    : [ClientAuthPluginManager] Load ClientAuthService com.alibaba.nacos.client.auth.ram.RamClientAuthServiceImpl success.
2026-07-08T23:42:57.537+08:00  INFO 312052 --- [mall-order-service] [           main] com.alibaba.nacos.common.remote.client   : [RpcClientFactory] create a new rpc client of 6021f6d2-6c5f-48e4-b3fa-cf6d08c30d99
2026-07-08T23:42:57.554+08:00  INFO 312052 --- [mall-order-service] [           main] com.alibaba.nacos.client.naming          : Create naming rpc client for uuid->6021f6d2-6c5f-48e4-b3fa-cf6d08c30d99
2026-07-08T23:42:57.555+08:00  INFO 312052 --- [mall-order-service] [           main] com.alibaba.nacos.common.remote.client   : [6021f6d2-6c5f-48e4-b3fa-cf6d08c30d99] RpcClient init, ServerListFactory = com.alibaba.nacos.client.naming.core.ServerListManager
2026-07-08T23:42:57.555+08:00  INFO 312052 --- [mall-order-service] [           main] com.alibaba.nacos.common.remote.client   : [6021f6d2-6c5f-48e4-b3fa-cf6d08c30d99] Registry connection listener to current client:com.alibaba.nacos.client.naming.remote.gprc.redo.NamingGrpcRedoService
2026-07-08T23:42:57.556+08:00  INFO 312052 --- [mall-order-service] [           main] com.alibaba.nacos.common.remote.client   : [6021f6d2-6c5f-48e4-b3fa-cf6d08c30d99] Register server push request handler:com.alibaba.nacos.client.naming.remote.gprc.NamingPushRequestHandler
2026-07-08T23:42:57.557+08:00  INFO 312052 --- [mall-order-service] [           main] com.alibaba.nacos.common.remote.client   : [6021f6d2-6c5f-48e4-b3fa-cf6d08c30d99] Try to connect to server on start up, server: {serverIp = '127.0.0.1', server main port = 8848}
2026-07-08T23:42:57.584+08:00  INFO 312052 --- [mall-order-service] [           main] c.a.n.c.remote.client.grpc.GrpcClient    : grpc client connection server:127.0.0.1 ip,serverPort:9848,grpcTslConfig:{"sslProvider":"","enableTls":false,"mutualAuthEnable":false,"trustAll":false}
2026-07-08T23:42:58.419+08:00  INFO 312052 --- [mall-order-service] [           main] c.a.n.c.a.AbstractAbilityControlManager  : Ready to get current node abilities...
2026-07-08T23:42:58.420+08:00  INFO 312052 --- [mall-order-service] [           main] c.a.n.c.a.AbstractAbilityControlManager  : Ready to initialize current node abilities, support modes: [SDK_CLIENT]
2026-07-08T23:42:58.421+08:00  INFO 312052 --- [mall-order-service] [           main] c.a.n.c.a.AbstractAbilityControlManager  : Initialize current abilities finish...
2026-07-08T23:42:58.421+08:00  INFO 312052 --- [mall-order-service] [           main] c.a.n.c.a.d.NacosAbilityManagerHolder    : [AbilityControlManager] Successfully initialize AbilityControlManager
2026-07-08T23:42:58.449+08:00  INFO 312052 --- [mall-order-service] [           main] com.alibaba.nacos.common.remote.client   : [6021f6d2-6c5f-48e4-b3fa-cf6d08c30d99] Success to connect to server [127.0.0.1:8848] on start up, connectionId = 1783525378333_172.20.0.1_42732
2026-07-08T23:42:58.450+08:00  INFO 312052 --- [mall-order-service] [remote.worker.0] com.alibaba.nacos.common.remote.client   : [6021f6d2-6c5f-48e4-b3fa-cf6d08c30d99] Notify connected event to listeners.
2026-07-08T23:42:58.450+08:00  INFO 312052 --- [mall-order-service] [           main] com.alibaba.nacos.common.remote.client   : [6021f6d2-6c5f-48e4-b3fa-cf6d08c30d99] Register server push request handler:com.alibaba.nacos.common.remote.client.RpcClient$ConnectResetRequestHandler
2026-07-08T23:42:58.450+08:00  INFO 312052 --- [mall-order-service] [remote.worker.0] com.alibaba.nacos.client.naming          : Grpc connection connect
2026-07-08T23:42:58.451+08:00  INFO 312052 --- [mall-order-service] [           main] com.alibaba.nacos.common.remote.client   : [6021f6d2-6c5f-48e4-b3fa-cf6d08c30d99] Register server push request handler:com.alibaba.nacos.common.remote.client.RpcClient$$Lambda$1257/0x00000196c3769b18
2026-07-08T23:42:58.452+08:00  INFO 312052 --- [mall-order-service] [           main] com.alibaba.nacos.client.naming          : [REGISTER-SERVICE] public registering service mall-order-service with instance Instance{instanceId='null', ip='192.168.153.1', port=8082, weight=1.0, healthy=true, enabled=true, ephemeral=true, clusterName='', serviceName='null', metadata={IPv6=[240e:360:5d1f:1100:8a0a:f4ec:e114:3ec0], preserved.register.source=SPRING_CLOUD}}
2026-07-08T23:42:58.473+08:00  INFO 312052 --- [mall-order-service] [           main] c.a.c.n.registry.NacosServiceRegistry    : nacos registry, DEFAULT_GROUP mall-order-service 192.168.153.1:8082 register finished
2026-07-08T23:42:58.614+08:00  INFO 312052 --- [mall-order-service] [           main] c.h.m.MallOrderServiceApplication        : Started MallOrderServiceApplication in 4.828 seconds (process running for 5.702)
[INFO] ------------------------------------------------------------------------
[INFO] BUILD FAILURE
[INFO] ------------------------------------------------------------------------
[INFO] Total time:  03:40 min
[INFO] Finished at: 2026-07-08T23:46:30+08:00
[INFO] ------------------------------------------------------------------------
[ERROR] Failed to execute goal org.springframework.boot:spring-boot-maven-plugin:3.5.14:run (default-cli) on project mall-order-service: Process terminated with exit code: -1 -> [Help 1]
[ERROR] 
[ERROR] To see the full stack trace of the errors, re-run Maven with the -e switch.
[ERROR] Re-run Maven using the -X switch to enable full debug logging.
[ERROR] 
[ERROR] For more information about the errors and possible solutions, please read the following articles:
[ERROR] [Help 1] http://cwiki.apache.org/confluence/display/MAVEN/MojoExecutionException
