
  .   ____          _            __ _ _
 /\\ / ___'_ __ _ _(_)_ __  __ _ \ \ \ \
( ( )\___ | '_ | '_| | '_ \/ _` | \ \ \ \
 \\/  ___)| |_)| | | | | || (_| |  ) ) ) )
  '  |____| .__|_| |_|_| |_\__, | / / / /
 =========|_|==============|___/=/_/_/_/

 :: Spring Boot ::               (v3.5.14)

2026-07-08T23:47:36.616+08:00  INFO 297340 --- [mall-order-service] [           main] c.h.m.MallOrderServiceApplication        : Starting MallOrderServiceApplication v0.0.1-SNAPSHOT using Java 17.0.17 with PID 297340 (E:\zhiwu-mall\mall-order-service\target\mall-order-service-0.0.1-SNAPSHOT.jar started by MyPC in E:\zhiwu-mall)
2026-07-08T23:47:36.621+08:00  INFO 297340 --- [mall-order-service] [           main] c.h.m.MallOrderServiceApplication        : No active profile set, falling back to 1 default profile: "default"
2026-07-08T23:47:38.194+08:00  INFO 297340 --- [mall-order-service] [           main] o.s.cloud.context.scope.GenericScope     : BeanFactory id=75fd35b7-cf19-3bf5-a65e-0ac011e26a91
2026-07-08T23:47:38.954+08:00  INFO 297340 --- [mall-order-service] [           main] o.s.b.w.embedded.tomcat.TomcatWebServer  : Tomcat initialized with port 8082 (http)
2026-07-08T23:47:38.972+08:00  INFO 297340 --- [mall-order-service] [           main] o.apache.catalina.core.StandardService   : Starting service [Tomcat]
2026-07-08T23:47:38.972+08:00  INFO 297340 --- [mall-order-service] [           main] o.apache.catalina.core.StandardEngine    : Starting Servlet engine: [Apache Tomcat/10.1.54]
2026-07-08T23:47:39.010+08:00  INFO 297340 --- [mall-order-service] [           main] o.a.c.c.C.[Tomcat].[localhost].[/]       : Initializing Spring embedded WebApplicationContext
2026-07-08T23:47:39.012+08:00  INFO 297340 --- [mall-order-service] [           main] w.s.c.ServletWebServerApplicationContext : Root WebApplicationContext: initialization completed in 2307 ms
2026-07-08T23:47:39.879+08:00  INFO 297340 --- [mall-order-service] [           main] o.s.c.openfeign.FeignClientFactoryBean   : For 'mall-product-service' URL not provided. Will try picking an instance via load-balancing.
2026-07-08T23:47:41.477+08:00  WARN 297340 --- [mall-order-service] [           main] iguration$LoadBalancerCaffeineWarnLogger : Spring Cloud LoadBalancer is currently working with the default cache. While this cache implementation is useful for development and tests, it's recommended to use Caffeine cache in production.You can switch to using Caffeine cache, by adding it and org.springframework.cache.caffeine.CaffeineCacheManager to the classpath.
2026-07-08T23:47:41.553+08:00  INFO 297340 --- [mall-order-service] [           main] o.s.b.w.embedded.tomcat.TomcatWebServer  : Tomcat started on port 8082 (http) with context path '/'
2026-07-08T23:47:41.574+08:00  INFO 297340 --- [mall-order-service] [           main] com.alibaba.nacos.client.naming          : initializer namespace from ans.namespace attribute : null
2026-07-08T23:47:41.578+08:00  INFO 297340 --- [mall-order-service] [           main] com.alibaba.nacos.client.naming          : initializer namespace from ALIBABA_ALIWARE_NAMESPACE attribute :null
2026-07-08T23:47:41.580+08:00  INFO 297340 --- [mall-order-service] [       Thread-3] c.a.n.c.a.r.identify.CredentialWatcher   : null No credential found
2026-07-08T23:47:41.580+08:00  INFO 297340 --- [mall-order-service] [           main] com.alibaba.nacos.client.naming          : initializer namespace from namespace attribute :null
2026-07-08T23:47:41.609+08:00  INFO 297340 --- [mall-order-service] [           main] com.alibaba.nacos.client.naming          : FailoverDataSource type is class com.alibaba.nacos.client.naming.backups.datasource.DiskFailoverDataSource
2026-07-08T23:47:41.637+08:00  INFO 297340 --- [mall-order-service] [           main] c.alibaba.nacos.client.utils.ParamUtil   : [settings] [req-serv] nacos-server port:8848
2026-07-08T23:47:41.637+08:00  INFO 297340 --- [mall-order-service] [           main] c.alibaba.nacos.client.utils.ParamUtil   : [settings] [http-client] connect timeout:1000
2026-07-08T23:47:41.639+08:00  INFO 297340 --- [mall-order-service] [           main] c.alibaba.nacos.client.utils.ParamUtil   : PER_TASK_CONFIG_SIZE: 3000.0
2026-07-08T23:47:41.647+08:00  INFO 297340 --- [mall-order-service] [           main] c.a.n.p.a.s.c.ClientAuthPluginManager    : [ClientAuthPluginManager] Load ClientAuthService com.alibaba.nacos.client.auth.impl.NacosClientAuthServiceImpl success.
2026-07-08T23:47:41.647+08:00  INFO 297340 --- [mall-order-service] [           main] c.a.n.p.a.s.c.ClientAuthPluginManager    : [ClientAuthPluginManager] Load ClientAuthService com.alibaba.nacos.client.auth.ram.RamClientAuthServiceImpl success.
2026-07-08T23:47:41.671+08:00  INFO 297340 --- [mall-order-service] [           main] com.alibaba.nacos.common.remote.client   : [RpcClientFactory] create a new rpc client of 550fddb8-2ba1-4987-8abd-15e3eb4a3336
2026-07-08T23:47:41.715+08:00  INFO 297340 --- [mall-order-service] [           main] com.alibaba.nacos.client.naming          : Create naming rpc client for uuid->550fddb8-2ba1-4987-8abd-15e3eb4a3336
2026-07-08T23:47:41.716+08:00  INFO 297340 --- [mall-order-service] [           main] com.alibaba.nacos.common.remote.client   : [550fddb8-2ba1-4987-8abd-15e3eb4a3336] RpcClient init, ServerListFactory = com.alibaba.nacos.client.naming.core.ServerListManager
2026-07-08T23:47:41.716+08:00  INFO 297340 --- [mall-order-service] [           main] com.alibaba.nacos.common.remote.client   : [550fddb8-2ba1-4987-8abd-15e3eb4a3336] Registry connection listener to current client:com.alibaba.nacos.client.naming.remote.gprc.redo.NamingGrpcRedoService
2026-07-08T23:47:41.717+08:00  INFO 297340 --- [mall-order-service] [           main] com.alibaba.nacos.common.remote.client   : [550fddb8-2ba1-4987-8abd-15e3eb4a3336] Register server push request handler:com.alibaba.nacos.client.naming.remote.gprc.NamingPushRequestHandler
2026-07-08T23:47:41.723+08:00  INFO 297340 --- [mall-order-service] [           main] com.alibaba.nacos.common.remote.client   : [550fddb8-2ba1-4987-8abd-15e3eb4a3336] Try to connect to server on start up, server: {serverIp = '127.0.0.1', server main port = 8848}
2026-07-08T23:47:41.806+08:00  INFO 297340 --- [mall-order-service] [           main] c.a.n.c.remote.client.grpc.GrpcClient    : grpc client connection server:127.0.0.1 ip,serverPort:9848,grpcTslConfig:{"sslProvider":"","enableTls":false,"mutualAuthEnable":false,"trustAll":false}
2026-07-08T23:47:42.991+08:00  INFO 297340 --- [mall-order-service] [           main] c.a.n.c.a.AbstractAbilityControlManager  : Ready to get current node abilities...
2026-07-08T23:47:42.994+08:00  INFO 297340 --- [mall-order-service] [           main] c.a.n.c.a.AbstractAbilityControlManager  : Ready to initialize current node abilities, support modes: [SDK_CLIENT]
2026-07-08T23:47:42.995+08:00  INFO 297340 --- [mall-order-service] [           main] c.a.n.c.a.AbstractAbilityControlManager  : Initialize current abilities finish...
2026-07-08T23:47:42.996+08:00  INFO 297340 --- [mall-order-service] [           main] c.a.n.c.a.d.NacosAbilityManagerHolder    : [AbilityControlManager] Successfully initialize AbilityControlManager
2026-07-08T23:47:43.030+08:00  INFO 297340 --- [mall-order-service] [           main] com.alibaba.nacos.common.remote.client   : [550fddb8-2ba1-4987-8abd-15e3eb4a3336] Success to connect to server [127.0.0.1:8848] on start up, connectionId = 1783525662867_172.20.0.1_35866
2026-07-08T23:47:43.031+08:00  INFO 297340 --- [mall-order-service] [remote.worker.1] com.alibaba.nacos.common.remote.client   : [550fddb8-2ba1-4987-8abd-15e3eb4a3336] Notify connected event to listeners.
2026-07-08T23:47:43.031+08:00  INFO 297340 --- [mall-order-service] [           main] com.alibaba.nacos.common.remote.client   : [550fddb8-2ba1-4987-8abd-15e3eb4a3336] Register server push request handler:com.alibaba.nacos.common.remote.client.RpcClient$ConnectResetRequestHandler
2026-07-08T23:47:43.031+08:00  INFO 297340 --- [mall-order-service] [remote.worker.1] com.alibaba.nacos.client.naming          : Grpc connection connect
2026-07-08T23:47:43.031+08:00  INFO 297340 --- [mall-order-service] [           main] com.alibaba.nacos.common.remote.client   : [550fddb8-2ba1-4987-8abd-15e3eb4a3336] Register server push request handler:com.alibaba.nacos.common.remote.client.RpcClient$$Lambda$1275/0x000002624e74d728
2026-07-08T23:47:43.034+08:00  INFO 297340 --- [mall-order-service] [           main] com.alibaba.nacos.client.naming          : [REGISTER-SERVICE] public registering service mall-order-service with instance Instance{instanceId='null', ip='192.168.153.1', port=8082, weight=1.0, healthy=true, enabled=true, ephemeral=true, clusterName='', serviceName='null', metadata={IPv6=[240e:360:5d1f:1100:8a0a:f4ec:e114:3ec0], preserved.register.source=SPRING_CLOUD}}
2026-07-08T23:47:43.064+08:00  INFO 297340 --- [mall-order-service] [           main] c.a.c.n.registry.NacosServiceRegistry    : nacos registry, DEFAULT_GROUP mall-order-service 192.168.153.1:8082 register finished
2026-07-08T23:47:43.277+08:00  INFO 297340 --- [mall-order-service] [           main] c.h.m.MallOrderServiceApplication        : Started MallOrderServiceApplication in 7.645 seconds (process running for 8.265)
