
  .   ____          _            __ _ _
 /\\ / ___'_ __ _ _(_)_ __  __ _ \ \ \ \
( ( )\___ | '_ | '_| | '_ \/ _` | \ \ \ \
 \\/  ___)| |_)| | | | | || (_| |  ) ) ) )
  '  |____| .__|_| |_|_| |_\__, | / / / /
 =========|_|==============|___/=/_/_/_/

 :: Spring Boot ::               (v3.5.14)

2026-07-08T23:50:01.791+08:00  INFO 298992 --- [mall-product-service] [           main] c.h.m.MallProductServiceApplication      : Starting MallProductServiceApplication using Java 17.0.17 with PID 298992 (E:\zhiwu-mall\mall-product-service\target\classes started by MyPC in E:\zhiwu-mall\mall-product-service)
2026-07-08T23:50:01.795+08:00  INFO 298992 --- [mall-product-service] [           main] c.h.m.MallProductServiceApplication      : No active profile set, falling back to 1 default profile: "default"
2026-07-08T23:50:02.858+08:00  INFO 298992 --- [mall-product-service] [           main] .s.d.r.c.RepositoryConfigurationDelegate : Multiple Spring Data modules found, entering strict repository configuration mode
2026-07-08T23:50:02.862+08:00  INFO 298992 --- [mall-product-service] [           main] .s.d.r.c.RepositoryConfigurationDelegate : Bootstrapping Spring Data Redis repositories in DEFAULT mode.
2026-07-08T23:50:02.904+08:00  INFO 298992 --- [mall-product-service] [           main] .s.d.r.c.RepositoryConfigurationDelegate : Finished Spring Data repository scanning in 15 ms. Found 0 Redis repository interfaces.
2026-07-08T23:50:03.168+08:00  INFO 298992 --- [mall-product-service] [           main] o.s.cloud.context.scope.GenericScope     : BeanFactory id=f2bcfacc-de85-31b5-9f8b-e9b0b2cf84e2
2026-07-08T23:50:03.800+08:00  INFO 298992 --- [mall-product-service] [           main] o.s.b.w.embedded.tomcat.TomcatWebServer  : Tomcat initialized with port 8084 (http)
2026-07-08T23:50:03.825+08:00  INFO 298992 --- [mall-product-service] [           main] o.apache.catalina.core.StandardService   : Starting service [Tomcat]
2026-07-08T23:50:03.827+08:00  INFO 298992 --- [mall-product-service] [           main] o.apache.catalina.core.StandardEngine    : Starting Servlet engine: [Apache Tomcat/10.1.54]
2026-07-08T23:50:03.918+08:00  INFO 298992 --- [mall-product-service] [           main] o.a.c.c.C.[Tomcat].[localhost].[/]       : Initializing Spring embedded WebApplicationContext
2026-07-08T23:50:03.921+08:00  INFO 298992 --- [mall-product-service] [           main] w.s.c.ServletWebServerApplicationContext : Root WebApplicationContext: initialization completed in 2062 ms
2026-07-08T23:50:06.004+08:00  INFO 298992 --- [mall-product-service] [           main] c.r.stream.impl.StreamEnvironment        : Connecting to localhost with guest user, assuming development environment
2026-07-08T23:50:06.005+08:00  INFO 298992 --- [mall-product-service] [           main] c.r.stream.impl.StreamEnvironment        : Using address resolver to always connect to localhost
2026-07-08T23:50:06.492+08:00  WARN 298992 --- [mall-product-service] [           main] iguration$LoadBalancerCaffeineWarnLogger : Spring Cloud LoadBalancer is currently working with the default cache. While this cache implementation is useful for development and tests, it's recommended to use Caffeine cache in production.You can switch to using Caffeine cache, by adding it and org.springframework.cache.caffeine.CaffeineCacheManager to the classpath.
2026-07-08T23:50:06.578+08:00  INFO 298992 --- [mall-product-service] [           main] o.s.b.w.embedded.tomcat.TomcatWebServer  : Tomcat started on port 8084 (http) with context path '/'
2026-07-08T23:50:06.587+08:00  INFO 298992 --- [mall-product-service] [           main] com.alibaba.nacos.client.naming          : initializer namespace from ans.namespace attribute : null
2026-07-08T23:50:06.589+08:00  INFO 298992 --- [mall-product-service] [           main] com.alibaba.nacos.client.naming          : initializer namespace from ALIBABA_ALIWARE_NAMESPACE attribute :null
2026-07-08T23:50:06.590+08:00  INFO 298992 --- [mall-product-service] [           main] com.alibaba.nacos.client.naming          : initializer namespace from namespace attribute :null
2026-07-08T23:50:06.590+08:00  INFO 298992 --- [mall-product-service] [       Thread-3] c.a.n.c.a.r.identify.CredentialWatcher   : null No credential found
2026-07-08T23:50:06.604+08:00  INFO 298992 --- [mall-product-service] [           main] com.alibaba.nacos.client.naming          : FailoverDataSource type is class com.alibaba.nacos.client.naming.backups.datasource.DiskFailoverDataSource
2026-07-08T23:50:06.615+08:00  INFO 298992 --- [mall-product-service] [           main] c.alibaba.nacos.client.utils.ParamUtil   : [settings] [req-serv] nacos-server port:8848
2026-07-08T23:50:06.616+08:00  INFO 298992 --- [mall-product-service] [           main] c.alibaba.nacos.client.utils.ParamUtil   : [settings] [http-client] connect timeout:1000
2026-07-08T23:50:06.617+08:00  INFO 298992 --- [mall-product-service] [           main] c.alibaba.nacos.client.utils.ParamUtil   : PER_TASK_CONFIG_SIZE: 3000.0
2026-07-08T23:50:06.622+08:00  INFO 298992 --- [mall-product-service] [           main] c.a.n.p.a.s.c.ClientAuthPluginManager    : [ClientAuthPluginManager] Load ClientAuthService com.alibaba.nacos.client.auth.impl.NacosClientAuthServiceImpl success.
2026-07-08T23:50:06.622+08:00  INFO 298992 --- [mall-product-service] [           main] c.a.n.p.a.s.c.ClientAuthPluginManager    : [ClientAuthPluginManager] Load ClientAuthService com.alibaba.nacos.client.auth.ram.RamClientAuthServiceImpl success.
2026-07-08T23:50:06.631+08:00  INFO 298992 --- [mall-product-service] [           main] com.alibaba.nacos.common.remote.client   : [RpcClientFactory] create a new rpc client of 1dcdc33b-79b1-430d-a0e1-eca287f85754
2026-07-08T23:50:06.649+08:00  INFO 298992 --- [mall-product-service] [           main] com.alibaba.nacos.client.naming          : Create naming rpc client for uuid->1dcdc33b-79b1-430d-a0e1-eca287f85754
2026-07-08T23:50:06.650+08:00  INFO 298992 --- [mall-product-service] [           main] com.alibaba.nacos.common.remote.client   : [1dcdc33b-79b1-430d-a0e1-eca287f85754] RpcClient init, ServerListFactory = com.alibaba.nacos.client.naming.core.ServerListManager
2026-07-08T23:50:06.650+08:00  INFO 298992 --- [mall-product-service] [           main] com.alibaba.nacos.common.remote.client   : [1dcdc33b-79b1-430d-a0e1-eca287f85754] Registry connection listener to current client:com.alibaba.nacos.client.naming.remote.gprc.redo.NamingGrpcRedoService
2026-07-08T23:50:06.651+08:00  INFO 298992 --- [mall-product-service] [           main] com.alibaba.nacos.common.remote.client   : [1dcdc33b-79b1-430d-a0e1-eca287f85754] Register server push request handler:com.alibaba.nacos.client.naming.remote.gprc.NamingPushRequestHandler
2026-07-08T23:50:06.655+08:00  INFO 298992 --- [mall-product-service] [           main] com.alibaba.nacos.common.remote.client   : [1dcdc33b-79b1-430d-a0e1-eca287f85754] Try to connect to server on start up, server: {serverIp = '127.0.0.1', server main port = 8848}
2026-07-08T23:50:06.698+08:00  INFO 298992 --- [mall-product-service] [           main] c.a.n.c.remote.client.grpc.GrpcClient    : grpc client connection server:127.0.0.1 ip,serverPort:9848,grpcTslConfig:{"sslProvider":"","enableTls":false,"mutualAuthEnable":false,"trustAll":false}
2026-07-08T23:50:07.581+08:00  INFO 298992 --- [mall-product-service] [           main] c.a.n.c.a.AbstractAbilityControlManager  : Ready to get current node abilities...
2026-07-08T23:50:07.584+08:00  INFO 298992 --- [mall-product-service] [           main] c.a.n.c.a.AbstractAbilityControlManager  : Ready to initialize current node abilities, support modes: [SDK_CLIENT]
2026-07-08T23:50:07.585+08:00  INFO 298992 --- [mall-product-service] [           main] c.a.n.c.a.AbstractAbilityControlManager  : Initialize current abilities finish...
2026-07-08T23:50:07.586+08:00  INFO 298992 --- [mall-product-service] [           main] c.a.n.c.a.d.NacosAbilityManagerHolder    : [AbilityControlManager] Successfully initialize AbilityControlManager
2026-07-08T23:50:07.619+08:00  INFO 298992 --- [mall-product-service] [           main] com.alibaba.nacos.common.remote.client   : [1dcdc33b-79b1-430d-a0e1-eca287f85754] Success to connect to server [127.0.0.1:8848] on start up, connectionId = 1783525807485_172.20.0.1_45734
2026-07-08T23:50:07.620+08:00  INFO 298992 --- [mall-product-service] [remote.worker.0] com.alibaba.nacos.common.remote.client   : [1dcdc33b-79b1-430d-a0e1-eca287f85754] Notify connected event to listeners.
2026-07-08T23:50:07.621+08:00  INFO 298992 --- [mall-product-service] [           main] com.alibaba.nacos.common.remote.client   : [1dcdc33b-79b1-430d-a0e1-eca287f85754] Register server push request handler:com.alibaba.nacos.common.remote.client.RpcClient$ConnectResetRequestHandler
2026-07-08T23:50:07.621+08:00  INFO 298992 --- [mall-product-service] [remote.worker.0] com.alibaba.nacos.client.naming          : Grpc connection connect
2026-07-08T23:50:07.621+08:00  INFO 298992 --- [mall-product-service] [           main] com.alibaba.nacos.common.remote.client   : [1dcdc33b-79b1-430d-a0e1-eca287f85754] Register server push request handler:com.alibaba.nacos.common.remote.client.RpcClient$$Lambda$1490/0x000001f54989ecb8
2026-07-08T23:50:07.623+08:00  INFO 298992 --- [mall-product-service] [           main] com.alibaba.nacos.client.naming          : [REGISTER-SERVICE] public registering service mall-product-service with instance Instance{instanceId='null', ip='192.168.153.1', port=8084, weight=1.0, healthy=true, enabled=true, ephemeral=true, clusterName='', serviceName='null', metadata={IPv6=[240e:360:5d1f:1100:8a0a:f4ec:e114:3ec0], preserved.register.source=SPRING_CLOUD}}
2026-07-08T23:50:07.651+08:00  INFO 298992 --- [mall-product-service] [           main] c.a.c.n.registry.NacosServiceRegistry    : nacos registry, DEFAULT_GROUP mall-product-service 192.168.153.1:8084 register finished
2026-07-08T23:50:07.840+08:00  INFO 298992 --- [mall-product-service] [           main] o.s.a.r.c.CachingConnectionFactory       : Attempting to connect to: [localhost:5672]
2026-07-08T23:50:07.940+08:00  INFO 298992 --- [mall-product-service] [           main] o.s.a.r.c.CachingConnectionFactory       : Created new connection: rabbitConnectionFactory#77a9ac36:0/SimpleConnection@12925d2 [delegate=amqp://guest@127.0.0.1:5672/, localPort=4825]
2026-07-08T23:50:08.056+08:00  INFO 298992 --- [mall-product-service] [           main] c.h.m.MallProductServiceApplication      : Started MallProductServiceApplication in 7.013 seconds (process running for 7.513)
2026-07-08T23:52:15.520+08:00  INFO 298992 --- [mall-product-service] [nio-8084-exec-1] o.a.c.c.C.[Tomcat].[localhost].[/]       : Initializing Spring DispatcherServlet 'dispatcherServlet'
2026-07-08T23:52:15.524+08:00  INFO 298992 --- [mall-product-service] [nio-8084-exec-1] o.s.web.servlet.DispatcherServlet        : Initializing Servlet 'dispatcherServlet'
2026-07-08T23:52:15.543+08:00  INFO 298992 --- [mall-product-service] [nio-8084-exec-1] o.s.web.servlet.DispatcherServlet        : Completed initialization in 18 ms
2026-07-08T23:52:15.618+08:00  INFO 298992 --- [mall-product-service] [nio-8084-exec-1] com.zaxxer.hikari.HikariDataSource       : HikariPool-1 - Starting...
2026-07-08T23:52:15.812+08:00  INFO 298992 --- [mall-product-service] [nio-8084-exec-1] com.zaxxer.hikari.pool.HikariPool        : HikariPool-1 - Added connection com.mysql.cj.jdbc.ConnectionImpl@4ce81645
2026-07-08T23:52:15.814+08:00  INFO 298992 --- [mall-product-service] [nio-8084-exec-1] com.zaxxer.hikari.HikariDataSource       : HikariPool-1 - Start completed.
