
  .   ____          _            __ _ _
 /\\ / ___'_ __ _ _(_)_ __  __ _ \ \ \ \
( ( )\___ | '_ | '_| | '_ \/ _` | \ \ \ \
 \\/  ___)| |_)| | | | | || (_| |  ) ) ) )
  '  |____| .__|_| |_|_| |_\__, | / / / /
 =========|_|==============|___/=/_/_/_/

 :: Spring Boot ::               (v3.5.14)

2026-07-08T23:49:56.798+08:00  INFO 316800 --- [mall-user-service] [           main] c.h.m.MallUserServiceApplication         : Starting MallUserServiceApplication using Java 17.0.17 with PID 316800 (E:\zhiwu-mall\mall-user-service\target\classes started by MyPC in E:\zhiwu-mall\mall-user-service)
2026-07-08T23:49:56.802+08:00  INFO 316800 --- [mall-user-service] [           main] c.h.m.MallUserServiceApplication         : No active profile set, falling back to 1 default profile: "default"
2026-07-08T23:49:57.746+08:00  INFO 316800 --- [mall-user-service] [           main] o.s.cloud.context.scope.GenericScope     : BeanFactory id=a26d3999-2998-3ff1-979b-9916fc4084fc
2026-07-08T23:49:58.281+08:00  INFO 316800 --- [mall-user-service] [           main] o.s.b.w.embedded.tomcat.TomcatWebServer  : Tomcat initialized with port 8081 (http)
2026-07-08T23:49:58.306+08:00  INFO 316800 --- [mall-user-service] [           main] o.apache.catalina.core.StandardService   : Starting service [Tomcat]
2026-07-08T23:49:58.306+08:00  INFO 316800 --- [mall-user-service] [           main] o.apache.catalina.core.StandardEngine    : Starting Servlet engine: [Apache Tomcat/10.1.54]
2026-07-08T23:49:58.391+08:00  INFO 316800 --- [mall-user-service] [           main] o.a.c.c.C.[Tomcat].[localhost].[/]       : Initializing Spring embedded WebApplicationContext
2026-07-08T23:49:58.392+08:00  INFO 316800 --- [mall-user-service] [           main] w.s.c.ServletWebServerApplicationContext : Root WebApplicationContext: initialization completed in 1528 ms
2026-07-08T23:49:59.887+08:00  WARN 316800 --- [mall-user-service] [           main] iguration$LoadBalancerCaffeineWarnLogger : Spring Cloud LoadBalancer is currently working with the default cache. While this cache implementation is useful for development and tests, it's recommended to use Caffeine cache in production.You can switch to using Caffeine cache, by adding it and org.springframework.cache.caffeine.CaffeineCacheManager to the classpath.
2026-07-08T23:49:59.965+08:00  INFO 316800 --- [mall-user-service] [           main] o.s.b.w.embedded.tomcat.TomcatWebServer  : Tomcat started on port 8081 (http) with context path '/'
2026-07-08T23:49:59.983+08:00  INFO 316800 --- [mall-user-service] [           main] com.alibaba.nacos.client.naming          : initializer namespace from ans.namespace attribute : null
2026-07-08T23:49:59.986+08:00  INFO 316800 --- [mall-user-service] [           main] com.alibaba.nacos.client.naming          : initializer namespace from ALIBABA_ALIWARE_NAMESPACE attribute :null
2026-07-08T23:49:59.988+08:00  INFO 316800 --- [mall-user-service] [           main] com.alibaba.nacos.client.naming          : initializer namespace from namespace attribute :null
2026-07-08T23:49:59.988+08:00  INFO 316800 --- [mall-user-service] [       Thread-3] c.a.n.c.a.r.identify.CredentialWatcher   : null No credential found
2026-07-08T23:50:00.004+08:00  INFO 316800 --- [mall-user-service] [           main] com.alibaba.nacos.client.naming          : FailoverDataSource type is class com.alibaba.nacos.client.naming.backups.datasource.DiskFailoverDataSource
2026-07-08T23:50:00.025+08:00  INFO 316800 --- [mall-user-service] [           main] c.alibaba.nacos.client.utils.ParamUtil   : [settings] [req-serv] nacos-server port:8848
2026-07-08T23:50:00.028+08:00  INFO 316800 --- [mall-user-service] [           main] c.alibaba.nacos.client.utils.ParamUtil   : [settings] [http-client] connect timeout:1000
2026-07-08T23:50:00.031+08:00  INFO 316800 --- [mall-user-service] [           main] c.alibaba.nacos.client.utils.ParamUtil   : PER_TASK_CONFIG_SIZE: 3000.0
2026-07-08T23:50:00.045+08:00  INFO 316800 --- [mall-user-service] [           main] c.a.n.p.a.s.c.ClientAuthPluginManager    : [ClientAuthPluginManager] Load ClientAuthService com.alibaba.nacos.client.auth.impl.NacosClientAuthServiceImpl success.
2026-07-08T23:50:00.047+08:00  INFO 316800 --- [mall-user-service] [           main] c.a.n.p.a.s.c.ClientAuthPluginManager    : [ClientAuthPluginManager] Load ClientAuthService com.alibaba.nacos.client.auth.ram.RamClientAuthServiceImpl success.
2026-07-08T23:50:00.065+08:00  INFO 316800 --- [mall-user-service] [           main] com.alibaba.nacos.common.remote.client   : [RpcClientFactory] create a new rpc client of 775b9cf0-8042-4b69-a9ef-d7d1cb573c15
2026-07-08T23:50:00.095+08:00  INFO 316800 --- [mall-user-service] [           main] com.alibaba.nacos.client.naming          : Create naming rpc client for uuid->775b9cf0-8042-4b69-a9ef-d7d1cb573c15
2026-07-08T23:50:00.095+08:00  INFO 316800 --- [mall-user-service] [           main] com.alibaba.nacos.common.remote.client   : [775b9cf0-8042-4b69-a9ef-d7d1cb573c15] RpcClient init, ServerListFactory = com.alibaba.nacos.client.naming.core.ServerListManager
2026-07-08T23:50:00.097+08:00  INFO 316800 --- [mall-user-service] [           main] com.alibaba.nacos.common.remote.client   : [775b9cf0-8042-4b69-a9ef-d7d1cb573c15] Registry connection listener to current client:com.alibaba.nacos.client.naming.remote.gprc.redo.NamingGrpcRedoService
2026-07-08T23:50:00.098+08:00  INFO 316800 --- [mall-user-service] [           main] com.alibaba.nacos.common.remote.client   : [775b9cf0-8042-4b69-a9ef-d7d1cb573c15] Register server push request handler:com.alibaba.nacos.client.naming.remote.gprc.NamingPushRequestHandler
2026-07-08T23:50:00.103+08:00  INFO 316800 --- [mall-user-service] [           main] com.alibaba.nacos.common.remote.client   : [775b9cf0-8042-4b69-a9ef-d7d1cb573c15] Try to connect to server on start up, server: {serverIp = '127.0.0.1', server main port = 8848}
2026-07-08T23:50:00.164+08:00  INFO 316800 --- [mall-user-service] [           main] c.a.n.c.remote.client.grpc.GrpcClient    : grpc client connection server:127.0.0.1 ip,serverPort:9848,grpcTslConfig:{"sslProvider":"","enableTls":false,"mutualAuthEnable":false,"trustAll":false}
2026-07-08T23:50:01.245+08:00  INFO 316800 --- [mall-user-service] [           main] c.a.n.c.a.AbstractAbilityControlManager  : Ready to get current node abilities...
2026-07-08T23:50:01.246+08:00  INFO 316800 --- [mall-user-service] [           main] c.a.n.c.a.AbstractAbilityControlManager  : Ready to initialize current node abilities, support modes: [SDK_CLIENT]
2026-07-08T23:50:01.248+08:00  INFO 316800 --- [mall-user-service] [           main] c.a.n.c.a.AbstractAbilityControlManager  : Initialize current abilities finish...
2026-07-08T23:50:01.250+08:00  INFO 316800 --- [mall-user-service] [           main] c.a.n.c.a.d.NacosAbilityManagerHolder    : [AbilityControlManager] Successfully initialize AbilityControlManager
2026-07-08T23:50:01.288+08:00  INFO 316800 --- [mall-user-service] [           main] com.alibaba.nacos.common.remote.client   : [775b9cf0-8042-4b69-a9ef-d7d1cb573c15] Success to connect to server [127.0.0.1:8848] on start up, connectionId = 1783525801129_172.20.0.1_59328
2026-07-08T23:50:01.288+08:00  INFO 316800 --- [mall-user-service] [remote.worker.0] com.alibaba.nacos.common.remote.client   : [775b9cf0-8042-4b69-a9ef-d7d1cb573c15] Notify connected event to listeners.
2026-07-08T23:50:01.289+08:00  INFO 316800 --- [mall-user-service] [           main] com.alibaba.nacos.common.remote.client   : [775b9cf0-8042-4b69-a9ef-d7d1cb573c15] Register server push request handler:com.alibaba.nacos.common.remote.client.RpcClient$ConnectResetRequestHandler
2026-07-08T23:50:01.289+08:00  INFO 316800 --- [mall-user-service] [remote.worker.0] com.alibaba.nacos.client.naming          : Grpc connection connect
2026-07-08T23:50:01.289+08:00  INFO 316800 --- [mall-user-service] [           main] com.alibaba.nacos.common.remote.client   : [775b9cf0-8042-4b69-a9ef-d7d1cb573c15] Register server push request handler:com.alibaba.nacos.common.remote.client.RpcClient$$Lambda$1104/0x000001592d6b1b18
2026-07-08T23:50:01.290+08:00  INFO 316800 --- [mall-user-service] [           main] com.alibaba.nacos.client.naming          : [REGISTER-SERVICE] public registering service mall-user-service with instance Instance{instanceId='null', ip='192.168.153.1', port=8081, weight=1.0, healthy=true, enabled=true, ephemeral=true, clusterName='', serviceName='null', metadata={IPv6=[240e:360:5d1f:1100:8a0a:f4ec:e114:3ec0], preserved.register.source=SPRING_CLOUD}}
2026-07-08T23:50:01.316+08:00  INFO 316800 --- [mall-user-service] [           main] c.a.c.n.registry.NacosServiceRegistry    : nacos registry, DEFAULT_GROUP mall-user-service 192.168.153.1:8081 register finished
2026-07-08T23:50:01.505+08:00  INFO 316800 --- [mall-user-service] [           main] c.h.m.MallUserServiceApplication         : Started MallUserServiceApplication in 5.44 seconds (process running for 5.973)
2026-07-08T23:52:14.906+08:00  INFO 316800 --- [mall-user-service] [nio-8081-exec-1] o.a.c.c.C.[Tomcat].[localhost].[/]       : Initializing Spring DispatcherServlet 'dispatcherServlet'
2026-07-08T23:52:14.912+08:00  INFO 316800 --- [mall-user-service] [nio-8081-exec-1] o.s.web.servlet.DispatcherServlet        : Initializing Servlet 'dispatcherServlet'
2026-07-08T23:52:14.932+08:00  INFO 316800 --- [mall-user-service] [nio-8081-exec-1] o.s.web.servlet.DispatcherServlet        : Completed initialization in 18 ms
2026-07-08T23:52:15.024+08:00  INFO 316800 --- [mall-user-service] [nio-8081-exec-1] com.zaxxer.hikari.HikariDataSource       : HikariPool-1 - Starting...
2026-07-08T23:52:15.232+08:00  INFO 316800 --- [mall-user-service] [nio-8081-exec-1] com.zaxxer.hikari.pool.HikariPool        : HikariPool-1 - Added connection com.mysql.cj.jdbc.ConnectionImpl@77700390
2026-07-08T23:52:15.235+08:00  INFO 316800 --- [mall-user-service] [nio-8081-exec-1] com.zaxxer.hikari.HikariDataSource       : HikariPool-1 - Start completed.
