
  .   ____          _            __ _ _
 /\\ / ___'_ __ _ _(_)_ __  __ _ \ \ \ \
( ( )\___ | '_ | '_| | '_ \/ _` | \ \ \ \
 \\/  ___)| |_)| | | | | || (_| |  ) ) ) )
  '  |____| .__|_| |_|_| |_\__, | / / / /
 =========|_|==============|___/=/_/_/_/

 :: Spring Boot ::               (v3.5.14)

2026-07-08T23:47:28.316+08:00  INFO 315856 --- [mall-user-service] [           main] c.h.m.MallUserServiceApplication         : Starting MallUserServiceApplication v0.0.1-SNAPSHOT using Java 17.0.17 with PID 315856 (E:\zhiwu-mall\mall-user-service\target\mall-user-service-0.0.1-SNAPSHOT.jar started by MyPC in E:\zhiwu-mall)
2026-07-08T23:47:28.324+08:00  INFO 315856 --- [mall-user-service] [           main] c.h.m.MallUserServiceApplication         : No active profile set, falling back to 1 default profile: "default"
2026-07-08T23:47:29.809+08:00  INFO 315856 --- [mall-user-service] [           main] o.s.cloud.context.scope.GenericScope     : BeanFactory id=a26d3999-2998-3ff1-979b-9916fc4084fc
2026-07-08T23:47:30.495+08:00  INFO 315856 --- [mall-user-service] [           main] o.s.b.w.embedded.tomcat.TomcatWebServer  : Tomcat initialized with port 8081 (http)
2026-07-08T23:47:30.516+08:00  INFO 315856 --- [mall-user-service] [           main] o.apache.catalina.core.StandardService   : Starting service [Tomcat]
2026-07-08T23:47:30.516+08:00  INFO 315856 --- [mall-user-service] [           main] o.apache.catalina.core.StandardEngine    : Starting Servlet engine: [Apache Tomcat/10.1.54]
2026-07-08T23:47:30.571+08:00  INFO 315856 --- [mall-user-service] [           main] o.a.c.c.C.[Tomcat].[localhost].[/]       : Initializing Spring embedded WebApplicationContext
2026-07-08T23:47:30.574+08:00  INFO 315856 --- [mall-user-service] [           main] w.s.c.ServletWebServerApplicationContext : Root WebApplicationContext: initialization completed in 2123 ms
2026-07-08T23:47:32.484+08:00  WARN 315856 --- [mall-user-service] [           main] iguration$LoadBalancerCaffeineWarnLogger : Spring Cloud LoadBalancer is currently working with the default cache. While this cache implementation is useful for development and tests, it's recommended to use Caffeine cache in production.You can switch to using Caffeine cache, by adding it and org.springframework.cache.caffeine.CaffeineCacheManager to the classpath.
2026-07-08T23:47:32.585+08:00  INFO 315856 --- [mall-user-service] [           main] o.s.b.w.embedded.tomcat.TomcatWebServer  : Tomcat started on port 8081 (http) with context path '/'
2026-07-08T23:47:32.600+08:00  INFO 315856 --- [mall-user-service] [           main] com.alibaba.nacos.client.naming          : initializer namespace from ans.namespace attribute : null
2026-07-08T23:47:32.606+08:00  INFO 315856 --- [mall-user-service] [           main] com.alibaba.nacos.client.naming          : initializer namespace from ALIBABA_ALIWARE_NAMESPACE attribute :null
2026-07-08T23:47:32.606+08:00  INFO 315856 --- [mall-user-service] [       Thread-3] c.a.n.c.a.r.identify.CredentialWatcher   : null No credential found
2026-07-08T23:47:32.608+08:00  INFO 315856 --- [mall-user-service] [           main] com.alibaba.nacos.client.naming          : initializer namespace from namespace attribute :null
2026-07-08T23:47:32.629+08:00  INFO 315856 --- [mall-user-service] [           main] com.alibaba.nacos.client.naming          : FailoverDataSource type is class com.alibaba.nacos.client.naming.backups.datasource.DiskFailoverDataSource
2026-07-08T23:47:32.655+08:00  INFO 315856 --- [mall-user-service] [           main] c.alibaba.nacos.client.utils.ParamUtil   : [settings] [req-serv] nacos-server port:8848
2026-07-08T23:47:32.655+08:00  INFO 315856 --- [mall-user-service] [           main] c.alibaba.nacos.client.utils.ParamUtil   : [settings] [http-client] connect timeout:1000
2026-07-08T23:47:32.656+08:00  INFO 315856 --- [mall-user-service] [           main] c.alibaba.nacos.client.utils.ParamUtil   : PER_TASK_CONFIG_SIZE: 3000.0
2026-07-08T23:47:32.666+08:00  INFO 315856 --- [mall-user-service] [           main] c.a.n.p.a.s.c.ClientAuthPluginManager    : [ClientAuthPluginManager] Load ClientAuthService com.alibaba.nacos.client.auth.impl.NacosClientAuthServiceImpl success.
2026-07-08T23:47:32.666+08:00  INFO 315856 --- [mall-user-service] [           main] c.a.n.p.a.s.c.ClientAuthPluginManager    : [ClientAuthPluginManager] Load ClientAuthService com.alibaba.nacos.client.auth.ram.RamClientAuthServiceImpl success.
2026-07-08T23:47:32.676+08:00  INFO 315856 --- [mall-user-service] [           main] com.alibaba.nacos.common.remote.client   : [RpcClientFactory] create a new rpc client of abdb192b-4815-4977-848c-6f5c6ac8c83c
2026-07-08T23:47:32.710+08:00  INFO 315856 --- [mall-user-service] [           main] com.alibaba.nacos.client.naming          : Create naming rpc client for uuid->abdb192b-4815-4977-848c-6f5c6ac8c83c
2026-07-08T23:47:32.711+08:00  INFO 315856 --- [mall-user-service] [           main] com.alibaba.nacos.common.remote.client   : [abdb192b-4815-4977-848c-6f5c6ac8c83c] RpcClient init, ServerListFactory = com.alibaba.nacos.client.naming.core.ServerListManager
2026-07-08T23:47:32.711+08:00  INFO 315856 --- [mall-user-service] [           main] com.alibaba.nacos.common.remote.client   : [abdb192b-4815-4977-848c-6f5c6ac8c83c] Registry connection listener to current client:com.alibaba.nacos.client.naming.remote.gprc.redo.NamingGrpcRedoService
2026-07-08T23:47:32.712+08:00  INFO 315856 --- [mall-user-service] [           main] com.alibaba.nacos.common.remote.client   : [abdb192b-4815-4977-848c-6f5c6ac8c83c] Register server push request handler:com.alibaba.nacos.client.naming.remote.gprc.NamingPushRequestHandler
2026-07-08T23:47:32.715+08:00  INFO 315856 --- [mall-user-service] [           main] com.alibaba.nacos.common.remote.client   : [abdb192b-4815-4977-848c-6f5c6ac8c83c] Try to connect to server on start up, server: {serverIp = '127.0.0.1', server main port = 8848}
2026-07-08T23:47:32.780+08:00  INFO 315856 --- [mall-user-service] [           main] c.a.n.c.remote.client.grpc.GrpcClient    : grpc client connection server:127.0.0.1 ip,serverPort:9848,grpcTslConfig:{"sslProvider":"","enableTls":false,"mutualAuthEnable":false,"trustAll":false}
2026-07-08T23:47:33.929+08:00  INFO 315856 --- [mall-user-service] [           main] c.a.n.c.a.AbstractAbilityControlManager  : Ready to get current node abilities...
2026-07-08T23:47:33.932+08:00  INFO 315856 --- [mall-user-service] [           main] c.a.n.c.a.AbstractAbilityControlManager  : Ready to initialize current node abilities, support modes: [SDK_CLIENT]
2026-07-08T23:47:33.932+08:00  INFO 315856 --- [mall-user-service] [           main] c.a.n.c.a.AbstractAbilityControlManager  : Initialize current abilities finish...
2026-07-08T23:47:33.933+08:00  INFO 315856 --- [mall-user-service] [           main] c.a.n.c.a.d.NacosAbilityManagerHolder    : [AbilityControlManager] Successfully initialize AbilityControlManager
2026-07-08T23:47:33.975+08:00  INFO 315856 --- [mall-user-service] [           main] com.alibaba.nacos.common.remote.client   : [abdb192b-4815-4977-848c-6f5c6ac8c83c] Success to connect to server [127.0.0.1:8848] on start up, connectionId = 1783525653806_172.20.0.1_40514
2026-07-08T23:47:33.976+08:00  INFO 315856 --- [mall-user-service] [remote.worker.0] com.alibaba.nacos.common.remote.client   : [abdb192b-4815-4977-848c-6f5c6ac8c83c] Notify connected event to listeners.
2026-07-08T23:47:33.976+08:00  INFO 315856 --- [mall-user-service] [           main] com.alibaba.nacos.common.remote.client   : [abdb192b-4815-4977-848c-6f5c6ac8c83c] Register server push request handler:com.alibaba.nacos.common.remote.client.RpcClient$ConnectResetRequestHandler
2026-07-08T23:47:33.976+08:00  INFO 315856 --- [mall-user-service] [remote.worker.0] com.alibaba.nacos.client.naming          : Grpc connection connect
2026-07-08T23:47:33.977+08:00  INFO 315856 --- [mall-user-service] [           main] com.alibaba.nacos.common.remote.client   : [abdb192b-4815-4977-848c-6f5c6ac8c83c] Register server push request handler:com.alibaba.nacos.common.remote.client.RpcClient$$Lambda$1122/0x000001bd026c2160
2026-07-08T23:47:33.979+08:00  INFO 315856 --- [mall-user-service] [           main] com.alibaba.nacos.client.naming          : [REGISTER-SERVICE] public registering service mall-user-service with instance Instance{instanceId='null', ip='192.168.153.1', port=8081, weight=1.0, healthy=true, enabled=true, ephemeral=true, clusterName='', serviceName='null', metadata={IPv6=[240e:360:5d1f:1100:8a0a:f4ec:e114:3ec0], preserved.register.source=SPRING_CLOUD}}
2026-07-08T23:47:34.017+08:00  INFO 315856 --- [mall-user-service] [           main] c.a.c.n.registry.NacosServiceRegistry    : nacos registry, DEFAULT_GROUP mall-user-service 192.168.153.1:8081 register finished
2026-07-08T23:47:34.174+08:00  INFO 315856 --- [mall-user-service] [           main] c.h.m.MallUserServiceApplication         : Started MallUserServiceApplication in 6.953 seconds (process running for 7.659)
